Archive member included to satisfy reference by file (symbol)

c:/program files (x86)/gnu arm embedded toolchain/10 2021.10/bin/../lib/gcc/arm-none-eabi/10.3.1/../../../../arm-none-eabi/lib/thumb/v7e-m+fp/hard\libc_nano.a(lib_a-errno.o)
                              build/syscalls.o (__errno)
c:/program files (x86)/gnu arm embedded toolchain/10 2021.10/bin/../lib/gcc/arm-none-eabi/10.3.1/../../../../arm-none-eabi/lib/thumb/v7e-m+fp/hard\libc_nano.a(lib_a-exit.o)
                              c:/program files (x86)/gnu arm embedded toolchain/10 2021.10/bin/../lib/gcc/arm-none-eabi/10.3.1/../../../../arm-none-eabi/lib/thumb/v7e-m+fp/hard/crt0.o (exit)
c:/program files (x86)/gnu arm embedded toolchain/10 2021.10/bin/../lib/gcc/arm-none-eabi/10.3.1/../../../../arm-none-eabi/lib/thumb/v7e-m+fp/hard\libc_nano.a(lib_a-impure.o)
                              c:/program files (x86)/gnu arm embedded toolchain/10 2021.10/bin/../lib/gcc/arm-none-eabi/10.3.1/../../../../arm-none-eabi/lib/thumb/v7e-m+fp/hard\libc_nano.a(lib_a-exit.o) (_global_impure_ptr)
c:/program files (x86)/gnu arm embedded toolchain/10 2021.10/bin/../lib/gcc/arm-none-eabi/10.3.1/../../../../arm-none-eabi/lib/thumb/v7e-m+fp/hard\libc_nano.a(lib_a-init.o)
                              c:/program files (x86)/gnu arm embedded toolchain/10 2021.10/bin/../lib/gcc/arm-none-eabi/10.3.1/../../../../arm-none-eabi/lib/thumb/v7e-m+fp/hard/crt0.o (__libc_init_array)
c:/program files (x86)/gnu arm embedded toolchain/10 2021.10/bin/../lib/gcc/arm-none-eabi/10.3.1/../../../../arm-none-eabi/lib/thumb/v7e-m+fp/hard\libc_nano.a(lib_a-memcpy-stub.o)
                              build/queue.o (memcpy)
c:/program files (x86)/gnu arm embedded toolchain/10 2021.10/bin/../lib/gcc/arm-none-eabi/10.3.1/../../../../arm-none-eabi/lib/thumb/v7e-m+fp/hard\libc_nano.a(lib_a-memset.o)
                              c:/program files (x86)/gnu arm embedded toolchain/10 2021.10/bin/../lib/gcc/arm-none-eabi/10.3.1/../../../../arm-none-eabi/lib/thumb/v7e-m+fp/hard/crt0.o (memset)
c:/program files (x86)/gnu arm embedded toolchain/10 2021.10/bin/../lib/gcc/arm-none-eabi/10.3.1/thumb/v7e-m+fp/hard\libgcc.a(_arm_muldf3.o)
                              build/VESC.o (__aeabi_dmul)
c:/program files (x86)/gnu arm embedded toolchain/10 2021.10/bin/../lib/gcc/arm-none-eabi/10.3.1/thumb/v7e-m+fp/hard\libgcc.a(_arm_addsubdf3.o)
                              build/VESC.o (__aeabi_f2d)
c:/program files (x86)/gnu arm embedded toolchain/10 2021.10/bin/../lib/gcc/arm-none-eabi/10.3.1/thumb/v7e-m+fp/hard\libgcc.a(_arm_fixdfsi.o)
                              build/VESC.o (__aeabi_d2iz)

Discarded input sections

 .text          0x00000000        0x0 c:/program files (x86)/gnu arm embedded toolchain/10 2021.10/bin/../lib/gcc/arm-none-eabi/10.3.1/thumb/v7e-m+fp/hard/crti.o
 .data          0x00000000        0x0 c:/program files (x86)/gnu arm embedded toolchain/10 2021.10/bin/../lib/gcc/arm-none-eabi/10.3.1/thumb/v7e-m+fp/hard/crti.o
 .bss           0x00000000        0x0 c:/program files (x86)/gnu arm embedded toolchain/10 2021.10/bin/../lib/gcc/arm-none-eabi/10.3.1/thumb/v7e-m+fp/hard/crti.o
 .data          0x00000000        0x4 c:/program files (x86)/gnu arm embedded toolchain/10 2021.10/bin/../lib/gcc/arm-none-eabi/10.3.1/thumb/v7e-m+fp/hard/crtbegin.o
 .rodata        0x00000000       0x24 c:/program files (x86)/gnu arm embedded toolchain/10 2021.10/bin/../lib/gcc/arm-none-eabi/10.3.1/thumb/v7e-m+fp/hard/crtbegin.o
 .text          0x00000000       0x7c c:/program files (x86)/gnu arm embedded toolchain/10 2021.10/bin/../lib/gcc/arm-none-eabi/10.3.1/../../../../arm-none-eabi/lib/thumb/v7e-m+fp/hard/crt0.o
 .data          0x00000000        0x0 c:/program files (x86)/gnu arm embedded toolchain/10 2021.10/bin/../lib/gcc/arm-none-eabi/10.3.1/../../../../arm-none-eabi/lib/thumb/v7e-m+fp/hard/crt0.o
 .bss           0x00000000        0x0 c:/program files (x86)/gnu arm embedded toolchain/10 2021.10/bin/../lib/gcc/arm-none-eabi/10.3.1/../../../../arm-none-eabi/lib/thumb/v7e-m+fp/hard/crt0.o
 .ARM.extab     0x00000000        0x0 c:/program files (x86)/gnu arm embedded toolchain/10 2021.10/bin/../lib/gcc/arm-none-eabi/10.3.1/../../../../arm-none-eabi/lib/thumb/v7e-m+fp/hard/crt0.o
 .ARM.exidx     0x00000000       0x10 c:/program files (x86)/gnu arm embedded toolchain/10 2021.10/bin/../lib/gcc/arm-none-eabi/10.3.1/../../../../arm-none-eabi/lib/thumb/v7e-m+fp/hard/crt0.o
 .ARM.attributes
                0x00000000       0x1c c:/program files (x86)/gnu arm embedded toolchain/10 2021.10/bin/../lib/gcc/arm-none-eabi/10.3.1/../../../../arm-none-eabi/lib/thumb/v7e-m+fp/hard/crt0.o
 .text          0x00000000        0x0 build/stm32f3xx_hal.o
 .data          0x00000000        0x0 build/stm32f3xx_hal.o
 .bss           0x00000000        0x0 build/stm32f3xx_hal.o
 .text.HAL_MspInit
                0x00000000        0x2 build/stm32f3xx_hal.o
 .text.HAL_MspDeInit
                0x00000000        0x2 build/stm32f3xx_hal.o
[...]
Memory Configuration

Name             Origin             Length             Attributes
RAM              0x20000000         0x00010000         xrw
CCMRAM           0x10000000         0x00004000         xrw
FLASH            0x08000000         0x00080000         xr
*default*        0x00000000         0xffffffff

Linker script and memory map

LOAD c:/program files (x86)/gnu arm embedded toolchain/10 2021.10/bin/../lib/gcc/arm-none-eabi/10.3.1/thumb/v7e-m+fp/hard/crti.o
LOAD c:/program files (x86)/gnu arm embedded toolchain/10 2021.10/bin/../lib/gcc/arm-none-eabi/10.3.1/thumb/v7e-m+fp/hard/crtbegin.o
LOAD c:/program files (x86)/gnu arm embedded toolchain/10 2021.10/bin/../lib/gcc/arm-none-eabi/10.3.1/../../../../arm-none-eabi/lib/thumb/v7e-m+fp/hard/crt0.o
LOAD build/stm32f3xx_hal.o
LOAD build/stm32f3xx_hal_adc.o
LOAD build/stm32f3xx_hal_adc_ex.o
LOAD build/stm32f3xx_hal_can.o
LOAD build/stm32f3xx_hal_cortex.o
LOAD build/stm32f3xx_hal_dma.o
LOAD build/stm32f3xx_hal_exti.o
LOAD build/stm32f3xx_hal_flash.o
LOAD build/stm32f3xx_hal_flash_ex.o
LOAD build/stm32f3xx_hal_gpio.o
LOAD build/stm32f3xx_hal_i2c.o
LOAD build/stm32f3xx_hal_i2c_ex.o
LOAD build/stm32f3xx_hal_pwr.o
LOAD build/stm32f3xx_hal_pwr_ex.o
LOAD build/stm32f3xx_hal_rcc.o
LOAD build/stm32f3xx_hal_rcc_ex.o
LOAD build/stm32f3xx_hal_tim.o
LOAD build/stm32f3xx_hal_tim_ex.o
LOAD build/stm32f3xx_hal_uart.o
LOAD build/stm32f3xx_hal_uart_ex.o
LOAD build/cmsis_os.o
LOAD build/croutine.o
LOAD build/event_groups.o
LOAD build/list.o
LOAD build/port.o
LOAD build/heap_4.o
LOAD build/queue.o
LOAD build/stream_buffer.o
LOAD build/tasks.o
LOAD build/timers.o
LOAD build/VESC.o
LOAD build/buffer.o
LOAD build/can_manager.o
LOAD build/drivetrain_controller.o
LOAD build/excavate_controller.o
LOAD build/freertos.o
LOAD build/intake_controller.o
LOAD build/main.o
LOAD build/offload_controller.o
LOAD build/print.o
LOAD build/relay.o
LOAD build/stm32f3xx_hal_msp.o
LOAD build/stm32f3xx_hal_timebase_tim.o
LOAD build/stm32f3xx_it.o
LOAD build/syscalls.o
LOAD build/system_stm32f3xx.o
LOAD build/startup_stm32f303xe.o
LOAD c:/program files (x86)/gnu arm embedded toolchain/10 2021.10/bin/../lib/gcc/arm-none-eabi/10.3.1/../../../../arm-none-eabi/lib/thumb/v7e-m+fp/hard\libc_nano.a
LOAD c:/program files (x86)/gnu arm embedded toolchain/10 2021.10/bin/../lib/gcc/arm-none-eabi/10.3.1/../../../../arm-none-eabi/lib/thumb/v7e-m+fp/hard\libm.a
LOAD c:/program files (x86)/gnu arm embedded toolchain/10 2021.10/bin/../lib/gcc/arm-none-eabi/10.3.1/../../../../arm-none-eabi/lib/thumb/v7e-m+fp/hard\libnosys.a
START GROUP
LOAD c:/program files (x86)/gnu arm embedded toolchain/10 2021.10/bin/../lib/gcc/arm-none-eabi/10.3.1/thumb/v7e-m+fp/hard\libgcc.a
LOAD c:/program files (x86)/gnu arm embedded toolchain/10 2021.10/bin/../lib/gcc/arm-none-eabi/10.3.1/../../../../arm-none-eabi/lib/thumb/v7e-m+fp/hard\libc_nano.a
END GROUP
START GROUP
LOAD c:/program files (x86)/gnu arm embedded toolchain/10 2021.10/bin/../lib/gcc/arm-none-eabi/10.3.1/thumb/v7e-m+fp/hard\libgcc.a
LOAD c:/program files (x86)/gnu arm embedded toolchain/10 2021.10/bin/../lib/gcc/arm-none-eabi/10.3.1/../../../../arm-none-eabi/lib/thumb/v7e-m+fp/hard\libc_nano.a
END GROUP
LOAD c:/program files (x86)/gnu arm embedded toolchain/10 2021.10/bin/../lib/gcc/arm-none-eabi/10.3.1/thumb/v7e-m+fp/hard/crtend.o
LOAD c:/program files (x86)/gnu arm embedded toolchain/10 2021.10/bin/../lib/gcc/arm-none-eabi/10.3.1/thumb/v7e-m+fp/hard/crtn.o
                0x20010000                _estack = 0x20010000
                0x00000200                _Min_Heap_Size = 0x200
                0x00000400                _Min_Stack_Size = 0x400

.isr_vector     0x08000000      0x194
                0x08000000                . = ALIGN (0x4)
 *(.isr_vector)
 .isr_vector    0x08000000      0x194 build/startup_stm32f303xe.o
                0x08000000                g_pfnVectors
                0x08000194                . = ALIGN (0x4)

.text           0x080001a0     0x565c
                0x080001a0                . = ALIGN (0x4)
 *(.text)
 .text          0x080001a0       0x40 c:/program files (x86)/gnu arm embedded toolchain/10 2021.10/bin/../lib/gcc/arm-none-eabi/10.3.1/thumb/v7e-m+fp/hard/crtbegin.o
 .text          0x080001e0      0x254 c:/program files (x86)/gnu arm embedded toolchain/10 2021.10/bin/../lib/gcc/arm-none-eabi/10.3.1/thumb/v7e-m+fp/hard\libgcc.a(_arm_muldf3.o)
                0x080001e0                __muldf3
                0x080001e0                __aeabi_dmul
 .text          0x08000434      0x378 c:/program files (x86)/gnu arm embedded toolchain/10 2021.10/bin/../lib/gcc/arm-none-eabi/10.3.1/thumb/v7e-m+fp/hard\libgcc.a(_arm_addsubdf3.o)
                0x08000434                __aeabi_drsub
                0x0800043c                __aeabi_dsub
                0x0800043c                __subdf3
                0x08000440                __aeabi_dadd
                0x08000440                __adddf3
                0x080006b8                __floatunsidf
                0x080006b8                __aeabi_ui2d
                0x080006d8                __floatsidf
                0x080006d8                __aeabi_i2d
                0x080006fc                __aeabi_f2d
                0x080006fc                __extendsfdf2
                0x08000740                __floatundidf
                0x08000740                __aeabi_ul2d
                0x08000750                __floatdidf
                0x08000750                __aeabi_l2d
 .text          0x080007ac       0x50 c:/program files (x86)/gnu arm embedded toolchain/10 2021.10/bin/../lib/gcc/arm-none-eabi/10.3.1/thumb/v7e-m+fp/hard\libgcc.a(_arm_fixdfsi.o)
                0x080007ac                __aeabi_d2iz
                0x080007ac                __fixdfsi
 *(.text*)
 .text.HAL_Init
                0x080007fc       0x24 build/stm32f3xx_hal.o
                0x080007fc                HAL_Init
 .text.HAL_IncTick
                0x08000820       0x18 build/stm32f3xx_hal.o
                0x08000820                HAL_IncTick
 .text.HAL_GetTick
                0x08000838        0xc build/stm32f3xx_hal.o
                0x08000838                HAL_GetTick
 .text.ADC_Disable
                0x08000844       0x7e build/stm32f3xx_hal_adc_ex.o
 *fill*         0x080008c2        0x2 
 .text.HAL_ADC_Init
                0x080008c4      0x2b8 build/stm32f3xx_hal_adc_ex.o
                0x080008c4                HAL_ADC_Init
 .text.HAL_ADC_ConfigChannel
                0x08000b7c      0x3bc build/stm32f3xx_hal_adc_ex.o
                0x08000b7c                HAL_ADC_ConfigChannel
 .text.HAL_ADCEx_MultiModeConfigChannel
                0x08000f38      0x15c build/stm32f3xx_hal_adc_ex.o
                0x08000f38                HAL_ADCEx_MultiModeConfigChannel
 .text.HAL_CAN_Init
                0x08001094      0x14c build/stm32f3xx_hal_can.o
                0x08001094                HAL_CAN_Init
 .text.HAL_CAN_ConfigFilter
                0x080011e0      0x106 build/stm32f3xx_hal_can.o
                0x080011e0                HAL_CAN_ConfigFilter
 .text.HAL_CAN_Start
                0x080012e6       0x5c build/stm32f3xx_hal_can.o
                0x080012e6                HAL_CAN_Start
 .text.HAL_CAN_AddTxMessage
                0x08001342       0xfc build/stm32f3xx_hal_can.o
                0x08001342                HAL_CAN_AddTxMessage
 .text.HAL_CAN_GetTxMailboxesFreeLevel
                0x0800143e       0x32 build/stm32f3xx_hal_can.o
                0x0800143e                HAL_CAN_GetTxMailboxesFreeLevel
 .text.HAL_CAN_GetRxMessage
                0x08001470      0x14a build/stm32f3xx_hal_can.o
                0x08001470                HAL_CAN_GetRxMessage
 .text.HAL_CAN_ActivateNotification
                0x080015ba       0x24 build/stm32f3xx_hal_can.o
                0x080015ba                HAL_CAN_ActivateNotification
 .text.HAL_CAN_TxMailbox0CompleteCallback
                0x080015de        0x2 build/stm32f3xx_hal_can.o
                0x080015de                HAL_CAN_TxMailbox0CompleteCallback
 .text.HAL_CAN_TxMailbox1CompleteCallback
                0x080015e0        0x2 build/stm32f3xx_hal_can.o
                0x080015e0                HAL_CAN_TxMailbox1CompleteCallback
 .text.HAL_CAN_TxMailbox2CompleteCallback
                0x080015e2        0x2 build/stm32f3xx_hal_can.o
                0x080015e2                HAL_CAN_TxMailbox2CompleteCallback
 .text.HAL_CAN_TxMailbox0AbortCallback
                0x080015e4        0x2 build/stm32f3xx_hal_can.o
                0x080015e4                HAL_CAN_TxMailbox0AbortCallback
 .text.HAL_CAN_TxMailbox1AbortCallback
                0x080015e6        0x2 build/stm32f3xx_hal_can.o
                0x080015e6                HAL_CAN_TxMailbox1AbortCallback
 .text.HAL_CAN_TxMailbox2AbortCallback
                0x080015e8        0x2 build/stm32f3xx_hal_can.o
                0x080015e8                HAL_CAN_TxMailbox2AbortCallback
 .text.HAL_CAN_RxFifo0FullCallback
                0x080015ea        0x2 build/stm32f3xx_hal_can.o
                0x080015ea                HAL_CAN_RxFifo0FullCallback
 .text.HAL_CAN_RxFifo1MsgPendingCallback
                0x080015ec        0x2 build/stm32f3xx_hal_can.o
                0x080015ec                HAL_CAN_RxFifo1MsgPendingCallback
 .text.HAL_CAN_RxFifo1FullCallback
                0x080015ee        0x2 build/stm32f3xx_hal_can.o
                0x080015ee                HAL_CAN_RxFifo1FullCallback
 .text.HAL_CAN_SleepCallback
                0x080015f0        0x2 build/stm32f3xx_hal_can.o
                0x080015f0                HAL_CAN_SleepCallback
 .text.HAL_CAN_WakeUpFromRxMsgCallback
                0x080015f2        0x2 build/stm32f3xx_hal_can.o
                0x080015f2                HAL_CAN_WakeUpFromRxMsgCallback
 .text.HAL_CAN_ErrorCallback
                0x080015f4        0x2 build/stm32f3xx_hal_can.o
                0x080015f4                HAL_CAN_ErrorCallback
 .text.HAL_CAN_IRQHandler
                0x080015f6      0x24a build/stm32f3xx_hal_can.o
                0x080015f6                HAL_CAN_IRQHandler
 .text.HAL_NVIC_SetPriorityGrouping
                0x08001840       0x24 build/stm32f3xx_hal_cortex.o
                0x08001840                HAL_NVIC_SetPriorityGrouping
 .text.HAL_NVIC_SetPriority
                0x08001864       0x70 build/stm32f3xx_hal_cortex.o
                0x08001864                HAL_NVIC_SetPriority
 .text.HAL_NVIC_EnableIRQ
                0x080018d4       0x1c build/stm32f3xx_hal_cortex.o
                0x080018d4                HAL_NVIC_EnableIRQ
 .text.HAL_GPIO_Init
                0x080018f0      0x1b4 build/stm32f3xx_hal_gpio.o
                0x080018f0                HAL_GPIO_Init
 .text.HAL_GPIO_ReadPin
                0x08001aa4        0xe build/stm32f3xx_hal_gpio.o
                0x08001aa4                HAL_GPIO_ReadPin
 .text.HAL_GPIO_WritePin
                0x08001ab2        0xa build/stm32f3xx_hal_gpio.o
                0x08001ab2                HAL_GPIO_WritePin
 .text.HAL_I2CEx_EnableFastModePlus
                0x08001abc       0x2c build/stm32f3xx_hal_i2c_ex.o
                0x08001abc                HAL_I2CEx_EnableFastModePlus
 .text.HAL_RCC_OscConfig
                0x08001ae8      0x648 build/stm32f3xx_hal_rcc.o
                0x08001ae8                HAL_RCC_OscConfig
 .text.HAL_RCC_GetSysClockFreq
                0x08002130       0x70 build/stm32f3xx_hal_rcc.o
                0x08002130                HAL_RCC_GetSysClockFreq
 .text.HAL_RCC_ClockConfig
                0x080021a0      0x1a8 build/stm32f3xx_hal_rcc.o
                0x080021a0                HAL_RCC_ClockConfig
 .text.HAL_RCC_GetHCLKFreq
                0x08002348        0xc build/stm32f3xx_hal_rcc.o
                0x08002348                HAL_RCC_GetHCLKFreq
 .text.HAL_RCC_GetPCLK1Freq
                0x08002354       0x2c build/stm32f3xx_hal_rcc.o
                0x08002354                HAL_RCC_GetPCLK1Freq
 .text.HAL_RCC_GetPCLK2Freq
                0x08002380       0x2c build/stm32f3xx_hal_rcc.o
                0x08002380                HAL_RCC_GetPCLK2Freq
 .text.HAL_RCC_GetClockConfig
                0x080023ac       0x3c build/stm32f3xx_hal_rcc.o
                0x080023ac                HAL_RCC_GetClockConfig
 .text.HAL_RCCEx_PeriphCLKConfig
                0x080023e8      0x300 build/stm32f3xx_hal_rcc_ex.o
                0x080023e8                HAL_RCCEx_PeriphCLKConfig
 .text.HAL_TIM_Base_MspInit
                0x080026e8        0x2 build/stm32f3xx_hal_tim.o
                0x080026e8                HAL_TIM_Base_MspInit
 *fill*         0x080026ea        0x2 
 .text.HAL_TIM_Base_Start_IT
                0x080026ec       0x2c build/stm32f3xx_hal_tim.o
                0x080026ec                HAL_TIM_Base_Start_IT
 .text.HAL_TIM_OC_DelayElapsedCallback
                0x08002718        0x2 build/stm32f3xx_hal_tim.o
                0x08002718                HAL_TIM_OC_DelayElapsedCallback
 .text.HAL_TIM_IC_CaptureCallback
                0x0800271a        0x2 build/stm32f3xx_hal_tim.o
                0x0800271a                HAL_TIM_IC_CaptureCallback
 .text.HAL_TIM_PWM_PulseFinishedCallback
                0x0800271c        0x2 build/stm32f3xx_hal_tim.o
                0x0800271c                HAL_TIM_PWM_PulseFinishedCallback
 .text.HAL_TIM_TriggerCallback
                0x0800271e        0x2 build/stm32f3xx_hal_tim.o
                0x0800271e                HAL_TIM_TriggerCallback
 .text.HAL_TIM_IRQHandler
                0x08002720      0x19a build/stm32f3xx_hal_tim.o
                0x08002720                HAL_TIM_IRQHandler
 *fill*         0x080028ba        0x2 
 .text.TIM_Base_SetConfig
                0x080028bc       0xd0 build/stm32f3xx_hal_tim.o
                0x080028bc                TIM_Base_SetConfig
 .text.HAL_TIM_Base_Init
                0x0800298c       0x34 build/stm32f3xx_hal_tim.o
                0x0800298c                HAL_TIM_Base_Init
 .text.HAL_TIMEx_CommutCallback
                0x080029c0        0x2 build/stm32f3xx_hal_tim_ex.o
                0x080029c0                HAL_TIMEx_CommutCallback
 .text.HAL_TIMEx_BreakCallback
                0x080029c2        0x2 build/stm32f3xx_hal_tim_ex.o
                0x080029c2                HAL_TIMEx_BreakCallback
 .text.HAL_TIMEx_Break2Callback
                0x080029c4        0x2 build/stm32f3xx_hal_tim_ex.o
                0x080029c4                HAL_TIMEx_Break2Callback
 *fill*         0x080029c6        0x2 
 .text.UART_SetConfig
                0x080029c8      0x2c8 build/stm32f3xx_hal_uart.o
                0x080029c8                UART_SetConfig
 .text.UART_AdvFeatureConfig
                0x08002c90       0xca build/stm32f3xx_hal_uart.o
                0x08002c90                UART_AdvFeatureConfig
 .text.UART_WaitOnFlagUntilTimeout
                0x08002d5a       0xa6 build/stm32f3xx_hal_uart.o
                0x08002d5a                UART_WaitOnFlagUntilTimeout
 .text.UART_CheckIdleState
                0x08002e00       0x6c build/stm32f3xx_hal_uart.o
                0x08002e00                UART_CheckIdleState
 .text.HAL_UART_Init
                0x08002e6c       0x62 build/stm32f3xx_hal_uart.o
                0x08002e6c                HAL_UART_Init
 .text.makeFreeRtosPriority
                0x08002ece        0xc build/cmsis_os.o
 .text.osKernelStart
                0x08002eda        0xa build/cmsis_os.o
                0x08002eda                osKernelStart
 .text.osThreadCreate
                0x08002ee4       0x6a build/cmsis_os.o
                0x08002ee4                osThreadCreate
 .text.osDelay  0x08002f4e        0xe build/cmsis_os.o
                0x08002f4e                osDelay
 .text.osMutexCreate
                0x08002f5c       0x16 build/cmsis_os.o
                0x08002f5c                osMutexCreate
 .text.vListInitialise
                0x08002f72       0x16 build/list.o
                0x08002f72                vListInitialise
 .text.vListInitialiseItem
                0x08002f88        0x6 build/list.o
                0x08002f88                vListInitialiseItem
 .text.vListInsertEnd
                0x08002f8e       0x16 build/list.o
                0x08002f8e                vListInsertEnd
 .text.vListInsert
                0x08002fa4       0x32 build/list.o
                0x08002fa4                vListInsert
 .text.uxListRemove
                0x08002fd6       0x26 build/list.o
                0x08002fd6                uxListRemove
 .text.prvTaskExitError
                0x08002ffc       0x40 build/port.o
 .text.prvPortStartFirstTask
                0x0800303c       0x28 build/port.o
 .text.vPortEnableVFP
                0x08003064       0x14 build/port.o
 .text.pxPortInitialiseStack
                0x08003078       0x2c build/port.o
                0x08003078                pxPortInitialiseStack
 *fill*         0x080030a4        0xc 
 .text.SVC_Handler
                0x080030b0       0x24 build/port.o
                0x080030b0                SVC_Handler
 .text.vPortEnterCritical
                0x080030d4       0x44 build/port.o
                0x080030d4                vPortEnterCritical
 .text.vPortExitCritical
                0x08003118       0x2c build/port.o
                0x08003118                vPortExitCritical
 *fill*         0x08003144        0xc 
 .text.PendSV_Handler
                0x08003150       0x64 build/port.o
                0x08003150                PendSV_Handler
 .text.SysTick_Handler
                0x080031b4       0x2c build/port.o
                0x080031b4                SysTick_Handler
 .text.vPortSetupTimerInterrupt
                0x080031e0       0x28 build/port.o
                0x080031e0                vPortSetupTimerInterrupt
 .text.xPortStartScheduler
                0x08003208      0x118 build/port.o
                0x08003208                xPortStartScheduler
 .text.vPortValidateInterruptPriority
                0x08003320       0x5c build/port.o
                0x08003320                vPortValidateInterruptPriority
 .text.prvHeapInit
                0x0800337c       0x64 build/heap_4.o
 .text.prvInsertBlockIntoFreeList
                0x080033e0       0x64 build/heap_4.o
 .text.pvPortMalloc
                0x08003444       0xf0 build/heap_4.o
                0x08003444                pvPortMalloc
 .text.vPortFree
                0x08003534       0x70 build/heap_4.o
                0x08003534                vPortFree
 .text.prvGetDisinheritPriorityAfterTimeout
                0x080035a4       0x10 build/queue.o
 .text.prvIsQueueFull
                0x080035b4       0x1e build/queue.o
 .text.prvIsQueueEmpty
                0x080035d2       0x1a build/queue.o
 .text.prvCopyDataToQueue
                0x080035ec       0x76 build/queue.o
 .text.prvCopyDataFromQueue
                0x08003662       0x24 build/queue.o
 .text.prvUnlockQueue
                0x08003686       0x6e build/queue.o
 .text.xQueueGenericReset
                0x080036f4       0x6c build/queue.o
                0x080036f4                xQueueGenericReset
 .text.prvInitialiseNewQueue
                0x08003760       0x1c build/queue.o
 .text.xQueueGenericCreateStatic
                0x0800377c       0x92 build/queue.o
                0x0800377c                xQueueGenericCreateStatic
 .text.xQueueGenericCreate
                0x0800380e       0x4e build/queue.o
                0x0800380e                xQueueGenericCreate
 .text.xQueueGenericSend
                0x0800385c      0x158 build/queue.o
                0x0800385c                xQueueGenericSend
 .text.prvInitialiseMutex
                0x080039b4       0x18 build/queue.o
 .text.xQueueCreateMutex
                0x080039cc       0x16 build/queue.o
                0x080039cc                xQueueCreateMutex
 .text.xQueueCreateMutexStatic
                0x080039e2       0x1e build/queue.o
                0x080039e2                xQueueCreateMutexStatic
 .text.xQueueGenericSendFromISR
                0x08003a00       0xcc build/queue.o
                0x08003a00                xQueueGenericSendFromISR
 .text.xQueueReceive
                0x08003acc      0x146 build/queue.o
                0x08003acc                xQueueReceive
 .text.xQueueSemaphoreTake
                0x08003c12      0x18e build/queue.o
                0x08003c12                xQueueSemaphoreTake
 .text.prvResetNextTaskUnblockTime
                0x08003da0       0x2c build/tasks.o
 .text.prvInitialiseNewTask
                0x08003dcc       0x94 build/tasks.o
 .text.prvInitialiseTaskLists
                0x08003e60       0x68 build/tasks.o
 .text.prvAddNewTaskToReadyList
                0x08003ec8       0x8c build/tasks.o
 .text.prvDeleteTCB
                0x08003f54       0x38 build/tasks.o
 .text.prvCheckTasksWaitingTermination
                0x08003f8c       0x4c build/tasks.o
 .text.prvIdleTask
                0x08003fd8       0x1c build/tasks.o
 .text.prvAddCurrentTaskToDelayedList
                0x08003ff4       0x98 build/tasks.o
 .text.xTaskCreateStatic
                0x0800408c       0x74 build/tasks.o
                0x0800408c                xTaskCreateStatic
 .text.xTaskCreate
                0x08004100       0x68 build/tasks.o
                0x08004100                xTaskCreate
 .text.vTaskStartScheduler
                0x08004168       0x74 build/tasks.o
                0x08004168                vTaskStartScheduler
 .text.vTaskSuspendAll
                0x080041dc       0x10 build/tasks.o
                0x080041dc                vTaskSuspendAll
 .text.xTaskIncrementTick
                0x080041ec       0xe0 build/tasks.o
                0x080041ec                xTaskIncrementTick
 .text.xTaskResumeAll
                0x080042cc       0xd8 build/tasks.o
                0x080042cc                xTaskResumeAll
 .text.vTaskDelayUntil
                0x080043a4       0xa4 build/tasks.o
                0x080043a4                vTaskDelayUntil
 .text.vTaskDelay
                0x08004448       0x4c build/tasks.o
                0x08004448                vTaskDelay
 .text.vTaskSwitchContext
                0x08004494       0x98 build/tasks.o
                0x08004494                vTaskSwitchContext
 .text.vTaskPlaceOnEventList
                0x0800452c       0x30 build/tasks.o
                0x0800452c                vTaskPlaceOnEventList
 .text.xTaskRemoveFromEventList
                0x0800455c       0x8c build/tasks.o
                0x0800455c                xTaskRemoveFromEventList
 .text.vTaskInternalSetTimeOutState
                0x080045e8       0x18 build/tasks.o
                0x080045e8                vTaskInternalSetTimeOutState
 .text.xTaskCheckForTimeOut
                0x08004600       0x84 build/tasks.o
                0x08004600                xTaskCheckForTimeOut
 .text.vTaskMissedYield
                0x08004684        0xc build/tasks.o
                0x08004684                vTaskMissedYield
 .text.xTaskGetSchedulerState
                0x08004690       0x20 build/tasks.o
                0x08004690                xTaskGetSchedulerState
 .text.xTaskPriorityInherit
                0x080046b0       0xbc build/tasks.o
                0x080046b0                xTaskPriorityInherit
 .text.xTaskPriorityDisinherit
                0x0800476c       0xb4 build/tasks.o
                0x0800476c                xTaskPriorityDisinherit
 .text.vTaskPriorityDisinheritAfterTimeout
                0x08004820       0xc0 build/tasks.o
                0x08004820                vTaskPriorityDisinheritAfterTimeout
 .text.pvTaskIncrementMutexHeldCount
                0x080048e0       0x1c build/tasks.o
                0x080048e0                pvTaskIncrementMutexHeldCount
 .text.handle_vesc_can_recv
                0x080048fc      0x1ec build/VESC.o
                0x080048fc                handle_vesc_can_recv
 .text.vesc_system_init
                0x08004ae8       0x14 build/VESC.o
                0x08004ae8                vesc_system_init
 .text.vesc_send_message
                0x08004afc       0x14 build/VESC.o
                0x08004afc                vesc_send_message
 .text.create_vesc
                0x08004b10       0x28 build/VESC.o
                0x08004b10                create_vesc
 .text.vesc_set_rpm
                0x08004b38       0x38 build/VESC.o
                0x08004b38                vesc_set_rpm
 .text.vesc_set_current
                0x08004b70       0x34 build/VESC.o
                0x08004b70                vesc_set_current
 .text.buffer_pop_int32
                0x08004ba4       0x30 build/buffer.o
                0x08004ba4                buffer_pop_int32
 .text.buffer_pop_int16
                0x08004bd4       0x1c build/buffer.o
                0x08004bd4                buffer_pop_int16
 .text.buffer_put_int32
                0x08004bf0       0x2c build/buffer.o
                0x08004bf0                buffer_put_int32
 .text.do_send_can_message
                0x08004c1c       0x60 build/can_manager.o
                0x08004c1c                do_send_can_message
 .text.registerCANMsgHandler
                0x08004c7c       0x24 build/can_manager.o
                0x08004c7c                registerCANMsgHandler
 .text.HAL_CAN_RxFifo0MsgPendingCallback
                0x08004ca0       0x48 build/can_manager.o
                0x08004ca0                HAL_CAN_RxFifo0MsgPendingCallback
 .text.canRxDispatchTask
                0x08004ce8       0x54 build/can_manager.o
                0x08004ce8                canRxDispatchTask
 .text.drivetrain_move
                0x08004d3c       0x98 build/drivetrain_controller.o
                0x08004d3c                drivetrain_move
 .text.drivetrain_loop
                0x08004dd4       0x78 build/drivetrain_controller.o
                0x08004dd4                drivetrain_loop
 .text.excavateControllerFunc
                0x08004e4c       0x54 build/excavate_controller.o
                0x08004e4c                excavateControllerFunc
 .text.vApplicationGetIdleTaskMemory
                0x08004ea0       0x18 build/freertos.o
                0x08004ea0                vApplicationGetIdleTaskMemory
 .text.intakeCANCallback
                0x08004eb8       0x38 build/intake_controller.o
                0x08004eb8                intakeCANCallback
 .text.intakeControllerFunc
                0x08004ef0      0x10c build/intake_controller.o
                0x08004ef0                intakeControllerFunc
 .text.MX_GPIO_Init
                0x08004ffc      0x134 build/main.o
 .text.StartDefaultTask
                0x08005130        0xa build/main.o
                0x08005130                StartDefaultTask
 *fill*         0x0800513a        0x2 
 .text.HAL_TIM_PeriodElapsedCallback
                0x0800513c       0x18 build/main.o
                0x0800513c                HAL_TIM_PeriodElapsedCallback
 .text.Error_Handler
                0x08005154        0xc build/main.o
                0x08005154                Error_Handler
 .text.MX_USART2_UART_Init
                0x08005160       0x38 build/main.o
 .text.MX_CAN_Init
                0x08005198       0x8c build/main.o
 .text.MX_ADC1_Init
                0x08005224       0x8c build/main.o
 .text.SystemClock_Config
                0x080052b0       0x8e build/main.o
                0x080052b0                SystemClock_Config
 *fill*         0x0800533e        0x2 
 .text.main     0x08005340      0x194 build/main.o
                0x08005340                main
 .text.HAL_MspInit
                0x080054d4       0x40 build/stm32f3xx_hal_msp.o
                0x080054d4                HAL_MspInit
 .text.HAL_ADC_MspInit
                0x08005514       0x5c build/stm32f3xx_hal_msp.o
                0x08005514                HAL_ADC_MspInit
 .text.HAL_CAN_MspInit
                0x08005570       0x88 build/stm32f3xx_hal_msp.o
                0x08005570                HAL_CAN_MspInit
 .text.HAL_UART_MspInit
                0x080055f8       0x64 build/stm32f3xx_hal_msp.o
                0x080055f8                HAL_UART_MspInit
 .text.HAL_InitTick
                0x0800565c       0x78 build/stm32f3xx_hal_timebase_tim.o
                0x0800565c                HAL_InitTick
 .text.NMI_Handler
                0x080056d4        0x2 build/stm32f3xx_it.o
                0x080056d4                NMI_Handler
 .text.HardFault_Handler
                0x080056d6        0x2 build/stm32f3xx_it.o
                0x080056d6                HardFault_Handler
 .text.MemManage_Handler
                0x080056d8        0x2 build/stm32f3xx_it.o
                0x080056d8                MemManage_Handler
 .text.BusFault_Handler
                0x080056da        0x2 build/stm32f3xx_it.o
                0x080056da                BusFault_Handler
 .text.UsageFault_Handler
                0x080056dc        0x2 build/stm32f3xx_it.o
                0x080056dc                UsageFault_Handler
 .text.DebugMon_Handler
                0x080056de        0x2 build/stm32f3xx_it.o
                0x080056de                DebugMon_Handler
 .text.USB_LP_CAN_RX0_IRQHandler
                0x080056e0       0x10 build/stm32f3xx_it.o
                0x080056e0                USB_LP_CAN_RX0_IRQHandler
 .text.TIM1_UP_TIM16_IRQHandler
                0x080056f0       0x10 build/stm32f3xx_it.o
                0x080056f0                TIM1_UP_TIM16_IRQHandler
 .text.SystemInit
                0x08005700       0x1c build/system_stm32f3xx.o
                0x08005700                SystemInit
 .text.Reset_Handler
                0x0800571c       0x50 build/startup_stm32f303xe.o
                0x0800571c                Reset_Handler
 .text.Default_Handler
                0x0800576c        0x2 build/startup_stm32f303xe.o
                0x0800576c                RTC_Alarm_IRQHandler
                0x0800576c                TIM8_TRG_COM_IRQHandler
                0x0800576c                TIM8_CC_IRQHandler
                0x0800576c                SPI4_IRQHandler
                0x0800576c                TIM1_CC_IRQHandler
                0x0800576c                USB_HP_IRQHandler
                0x0800576c                PVD_IRQHandler
                0x0800576c                TAMP_STAMP_IRQHandler
                0x0800576c                EXTI3_IRQHandler
                0x0800576c                I2C3_ER_IRQHandler
                0x0800576c                USB_HP_CAN_TX_IRQHandler
                0x0800576c                EXTI0_IRQHandler
                0x0800576c                I2C2_EV_IRQHandler
                0x0800576c                FPU_IRQHandler
                0x0800576c                ADC1_2_IRQHandler
                0x0800576c                SPI1_IRQHandler
                0x0800576c                CAN_SCE_IRQHandler
                0x0800576c                TIM6_DAC_IRQHandler
                0x0800576c                TIM8_UP_IRQHandler
                0x0800576c                DMA2_Channel2_IRQHandler
                0x0800576c                DMA1_Channel4_IRQHandler
                0x0800576c                TIM20_TRG_COM_IRQHandler
                0x0800576c                USART3_IRQHandler
                0x0800576c                DMA1_Channel7_IRQHandler
                0x0800576c                UART5_IRQHandler
                0x0800576c                ADC3_IRQHandler
                0x0800576c                TIM4_IRQHandler
                0x0800576c                CAN_RX1_IRQHandler
                0x0800576c                DMA2_Channel1_IRQHandler
                0x0800576c                I2C1_EV_IRQHandler
                0x0800576c                DMA1_Channel6_IRQHandler
                0x0800576c                UART4_IRQHandler
                0x0800576c                DMA2_Channel4_IRQHandler
                0x0800576c                TIM3_IRQHandler
                0x0800576c                RCC_IRQHandler
                0x0800576c                TIM20_UP_IRQHandler
                0x0800576c                DMA1_Channel1_IRQHandler
                0x0800576c                Default_Handler
                0x0800576c                USBWakeUp_RMP_IRQHandler
                0x0800576c                EXTI15_10_IRQHandler
                0x0800576c                TIM7_IRQHandler
                0x0800576c                I2C3_EV_IRQHandler
                0x0800576c                EXTI9_5_IRQHandler
                0x0800576c                RTC_WKUP_IRQHandler
                0x0800576c                SPI2_IRQHandler
                0x0800576c                DMA2_Channel5_IRQHandler
                0x0800576c                DMA1_Channel5_IRQHandler
                0x0800576c                USB_LP_IRQHandler
                0x0800576c                EXTI4_IRQHandler
                0x0800576c                TIM1_TRG_COM_TIM17_IRQHandler
                0x0800576c                DMA1_Channel3_IRQHandler
                0x0800576c                ADC4_IRQHandler
                0x0800576c                WWDG_IRQHandler
                0x0800576c                TIM2_IRQHandler
                0x0800576c                COMP7_IRQHandler
                0x0800576c                COMP1_2_3_IRQHandler
                0x0800576c                EXTI1_IRQHandler
                0x0800576c                USART2_IRQHandler
                0x0800576c                COMP4_5_6_IRQHandler
                0x0800576c                TIM20_BRK_IRQHandler
                0x0800576c                I2C2_ER_IRQHandler
                0x0800576c                DMA1_Channel2_IRQHandler
                0x0800576c                TIM8_BRK_IRQHandler
                0x0800576c                FLASH_IRQHandler
                0x0800576c                TIM20_CC_IRQHandler
                0x0800576c                USART1_IRQHandler
                0x0800576c                SPI3_IRQHandler
                0x0800576c                I2C1_ER_IRQHandler
                0x0800576c                FMC_IRQHandler
                0x0800576c                USBWakeUp_IRQHandler
                0x0800576c                DMA2_Channel3_IRQHandler
                0x0800576c                EXTI2_TSC_IRQHandler
                0x0800576c                TIM1_BRK_TIM15_IRQHandler
 *fill*         0x0800576e        0x2 
 .text.__libc_init_array
                0x08005770       0x48 c:/program files (x86)/gnu arm embedded toolchain/10 2021.10/bin/../lib/gcc/arm-none-eabi/10.3.1/../../../../arm-none-eabi/lib/thumb/v7e-m+fp/hard\libc_nano.a(lib_a-init.o)
                0x08005770                __libc_init_array
 .text.memcpy   0x080057b8       0x1c c:/program files (x86)/gnu arm embedded toolchain/10 2021.10/bin/../lib/gcc/arm-none-eabi/10.3.1/../../../../arm-none-eabi/lib/thumb/v7e-m+fp/hard\libc_nano.a(lib_a-memcpy-stub.o)
                0x080057b8                memcpy
 .text.memset   0x080057d4       0x10 c:/program files (x86)/gnu arm embedded toolchain/10 2021.10/bin/../lib/gcc/arm-none-eabi/10.3.1/../../../../arm-none-eabi/lib/thumb/v7e-m+fp/hard\libc_nano.a(lib_a-memset.o)
                0x080057d4                memset
 *(.glue_7)
 .glue_7        0x080057e4        0x0 linker stubs
 *(.glue_7t)
 .glue_7t       0x080057e4        0x0 linker stubs
 *(.eh_frame)
 .eh_frame      0x080057e4        0x0 c:/program files (x86)/gnu arm embedded toolchain/10 2021.10/bin/../lib/gcc/arm-none-eabi/10.3.1/thumb/v7e-m+fp/hard/crtbegin.o
 *(.init)
 .init          0x080057e4        0x4 c:/program files (x86)/gnu arm embedded toolchain/10 2021.10/bin/../lib/gcc/arm-none-eabi/10.3.1/thumb/v7e-m+fp/hard/crti.o
                0x080057e4                _init
 .init          0x080057e8        0x8 c:/program files (x86)/gnu arm embedded toolchain/10 2021.10/bin/../lib/gcc/arm-none-eabi/10.3.1/thumb/v7e-m+fp/hard/crtn.o
 *(.fini)
 .fini          0x080057f0        0x4 c:/program files (x86)/gnu arm embedded toolchain/10 2021.10/bin/../lib/gcc/arm-none-eabi/10.3.1/thumb/v7e-m+fp/hard/crti.o
                0x080057f0                _fini
 .fini          0x080057f4        0x8 c:/program files (x86)/gnu arm embedded toolchain/10 2021.10/bin/../lib/gcc/arm-none-eabi/10.3.1/thumb/v7e-m+fp/hard/crtn.o
                0x080057fc                . = ALIGN (0x4)
                0x080057fc                _etext = .

.vfp11_veneer   0x080057fc        0x0
 .vfp11_veneer  0x080057fc        0x0 linker stubs

.v4_bx          0x080057fc        0x0
 .v4_bx         0x080057fc        0x0 linker stubs

.iplt           0x080057fc        0x0
 .iplt          0x080057fc        0x0 c:/program files (x86)/gnu arm embedded toolchain/10 2021.10/bin/../lib/gcc/arm-none-eabi/10.3.1/thumb/v7e-m+fp/hard/crtbegin.o

.rodata         0x080057fc      0x1a4
                0x080057fc                . = ALIGN (0x4)
 *(.rodata)
 .rodata        0x080057fc       0xe0 build/main.o
 *(.rodata*)
 .rodata.aPLLMULFactorTable
                0x080058dc       0x10 build/stm32f3xx_hal_rcc.o
                0x080058dc                aPLLMULFactorTable
 .rodata.aPredivFactorTable
                0x080058ec       0x10 build/stm32f3xx_hal_rcc.o
                0x080058ec                aPredivFactorTable
 .rodata.vTaskStartScheduler.str1.4
                0x080058fc        0x5 build/tasks.o
 *fill*         0x08005901        0x3 
 .rodata.str1.4
                0x08005904       0x83 build/main.o
 *fill*         0x08005987        0x1 
 .rodata.AHBPrescTable
                0x08005988       0x10 build/system_stm32f3xx.o
                0x08005988                AHBPrescTable
 .rodata.APBPrescTable
                0x08005998        0x8 build/system_stm32f3xx.o
                0x08005998                APBPrescTable
                0x080059a0                . = ALIGN (0x4)

.rel.dyn        0x080059a0        0x0
 .rel.iplt      0x080059a0        0x0 c:/program files (x86)/gnu arm embedded toolchain/10 2021.10/bin/../lib/gcc/arm-none-eabi/10.3.1/thumb/v7e-m+fp/hard/crtbegin.o

.ARM.extab
 *(.ARM.extab* .gnu.linkonce.armextab.*)

.ARM            0x080059a0        0x0
                0x080059a0                __exidx_start = .
 *(.ARM.exidx*)
                0x080059a0                __exidx_end = .

.preinit_array  0x080059a0        0x0
                0x080059a0                PROVIDE (__preinit_array_start = .)
 *(.preinit_array*)
                0x080059a0                PROVIDE (__preinit_array_end = .)

.init_array     0x080059a0        0x4
                0x080059a0                PROVIDE (__init_array_start = .)
 *(SORT_BY_NAME(.init_array.*))
 *(.init_array*)
 .init_array    0x080059a0        0x4 c:/program files (x86)/gnu arm embedded toolchain/10 2021.10/bin/../lib/gcc/arm-none-eabi/10.3.1/thumb/v7e-m+fp/hard/crtbegin.o
                0x080059a4                PROVIDE (__init_array_end = .)

.fini_array     0x080059a4        0x4
                [!provide]                PROVIDE (__fini_array_start = .)
 *(SORT_BY_NAME(.fini_array.*))
 *(.fini_array*)
 .fini_array    0x080059a4        0x4 c:/program files (x86)/gnu arm embedded toolchain/10 2021.10/bin/../lib/gcc/arm-none-eabi/10.3.1/thumb/v7e-m+fp/hard/crtbegin.o
                [!provide]                PROVIDE (__fini_array_end = .)
                0x080059a8                _sidata = LOADADDR (.data)

.data           0x20000000       0x10 load address 0x080059a8
                0x20000000                . = ALIGN (0x4)
                0x20000000                _sdata = .
 *(.data)
 *(.data*)
 .data.uwTickFreq
                0x20000000        0x1 build/stm32f3xx_hal.o
                0x20000000                uwTickFreq
 *fill*         0x20000001        0x3 
 .data.uwTickPrio
                0x20000004        0x4 build/stm32f3xx_hal.o
                0x20000004                uwTickPrio
 .data.uxCriticalNesting
                0x20000008        0x4 build/port.o
 .data.SystemCoreClock
                0x2000000c        0x4 build/system_stm32f3xx.o
                0x2000000c                SystemCoreClock
                0x20000010                . = ALIGN (0x4)
                0x20000010                _edata = .
                0x080059b8                _siccmram = LOADADDR (.ccmram)

.igot.plt       0x20000010        0x0 load address 0x080059b8
 .igot.plt      0x20000010        0x0 c:/program files (x86)/gnu arm embedded toolchain/10 2021.10/bin/../lib/gcc/arm-none-eabi/10.3.1/thumb/v7e-m+fp/hard/crtbegin.o

.ccmram         0x10000000        0x0 load address 0x080059b8
                0x10000000                . = ALIGN (0x4)
                0x10000000                _sccmram = .
 *(.ccmram)
 *(.ccmram*)
                0x10000000                . = ALIGN (0x4)
                0x10000000                _eccmram = .
                0x10000000                . = ALIGN (0x4)

.bss            0x20000010     0x2628
                0x20000010                _sbss = .
                0x20000010                __bss_start__ = _sbss
 *(.bss)
 .bss           0x20000010       0x1c c:/program files (x86)/gnu arm embedded toolchain/10 2021.10/bin/../lib/gcc/arm-none-eabi/10.3.1/thumb/v7e-m+fp/hard/crtbegin.o
 *(.bss*)
 .bss.uwTick    0x2000002c        0x4 build/stm32f3xx_hal.o
                0x2000002c                uwTick
 .bss.ucMaxSysCallPriority
                0x20000030        0x1 build/port.o
 *fill*         0x20000031        0x3 
 .bss.ulMaxPRIGROUPValue
                0x20000034        0x4 build/port.o
 .bss.pxEnd     0x20000038        0x4 build/heap_4.o
 .bss.ucHeap    0x2000003c      0xc00 build/heap_4.o
 .bss.xBlockAllocatedBit
                0x20000c3c        0x4 build/heap_4.o
 .bss.xFreeBytesRemaining
                0x20000c40        0x4 build/heap_4.o
 .bss.xMinimumEverFreeBytesRemaining
                0x20000c44        0x4 build/heap_4.o
 .bss.xStart    0x20000c48        0x8 build/heap_4.o
 .bss.pxCurrentTCB
                0x20000c50        0x4 build/tasks.o
                0x20000c50                pxCurrentTCB
 .bss.pxDelayedTaskList
                0x20000c54        0x4 build/tasks.o
 .bss.pxOverflowDelayedTaskList
                0x20000c58        0x4 build/tasks.o
 .bss.pxReadyTasksLists
                0x20000c5c       0x8c build/tasks.o
 .bss.uxCurrentNumberOfTasks
                0x20000ce8        0x4 build/tasks.o
 .bss.uxDeletedTasksWaitingCleanUp
                0x20000cec        0x4 build/tasks.o
 .bss.uxPendedTicks
                0x20000cf0        0x4 build/tasks.o
 .bss.uxSchedulerSuspended
                0x20000cf4        0x4 build/tasks.o
 .bss.uxTaskNumber
                0x20000cf8        0x4 build/tasks.o
 .bss.uxTopReadyPriority
                0x20000cfc        0x4 build/tasks.o
 .bss.xDelayedTaskList1
                0x20000d00       0x14 build/tasks.o
 .bss.xDelayedTaskList2
                0x20000d14       0x14 build/tasks.o
 .bss.xIdleTaskHandle
                0x20000d28        0x4 build/tasks.o
 .bss.xNextTaskUnblockTime
                0x20000d2c        0x4 build/tasks.o
 .bss.xNumOfOverflows
                0x20000d30        0x4 build/tasks.o
 .bss.xPendingReadyList
                0x20000d34       0x14 build/tasks.o
 .bss.xSchedulerRunning
                0x20000d48        0x4 build/tasks.o
 .bss.xSuspendedTaskList
                0x20000d4c       0x14 build/tasks.o
 .bss.xTasksWaitingTermination
                0x20000d60       0x14 build/tasks.o
 .bss.xTickCount
                0x20000d74        0x4 build/tasks.o
 .bss.xYieldPending
                0x20000d78        0x4 build/tasks.o
 .bss.vesc_count
                0x20000d7c        0x4 build/VESC.o
 .bss.vesc_map  0x20000d80      0x3c0 build/VESC.o
                0x20000d80                vesc_map
 .bss.CurTxMailbox
                0x20001140        0x4 build/can_manager.o
                0x20001140                CurTxMailbox
 .bss.RxData    0x20001144        0x8 build/can_manager.o
                0x20001144                RxData
 .bss.RxHeader  0x2000114c       0x1c build/can_manager.o
                0x2000114c                RxHeader
 .bss.TxHeader  0x20001168       0x18 build/can_manager.o
                0x20001168                TxHeader
 .bss.canHandlersCt
                0x20001180        0x4 build/can_manager.o
                0x20001180                canHandlersCt
 .bss.msgHandlers
                0x20001184       0x50 build/can_manager.o
                0x20001184                msgHandlers
 .bss.new_speed_left
                0x200011d4        0x4 build/drivetrain_controller.o
                0x200011d4                new_speed_left
 .bss.new_speed_right
                0x200011d8        0x4 build/drivetrain_controller.o
                0x200011d8                new_speed_right
 .bss.leftMotor
                0x200011dc        0x4 build/excavate_controller.o
                0x200011dc                leftMotor
 .bss.rightMotor
                0x200011e0        0x4 build/excavate_controller.o
                0x200011e0                rightMotor
 .bss.xIdleStack
                0x200011e4      0x200 build/freertos.o
 .bss.xIdleTaskTCBBuffer
                0x200013e4       0x54 build/freertos.o
 .bss.currentState
                0x20001438        0x1 build/intake_controller.o
 *fill*         0x20001439        0x3 
 .bss.intakeMotor
                0x2000143c        0x4 build/intake_controller.o
                0x2000143c                intakeMotor
 .bss.targetState
                0x20001440        0x1 build/intake_controller.o
 *fill*         0x20001441        0x3 
 .bss.achooControllerBuffer
                0x20001444      0x200 build/main.o
                0x20001444                achooControllerBuffer
 .bss.achooControllerControlBlock
                0x20001644       0x54 build/main.o
                0x20001644                achooControllerControlBlock
 .bss.achooControllerHandle
                0x20001698        0x4 build/main.o
                0x20001698                achooControllerHandle
 .bss.canRxDispatchBuffer
                0x2000169c      0x200 build/main.o
                0x2000169c                canRxDispatchBuffer
 .bss.canRxDispatchControlBlock
                0x2000189c       0x54 build/main.o
                0x2000189c                canRxDispatchControlBlock
 .bss.canRxDispatchHandle
                0x200018f0        0x4 build/main.o
                0x200018f0                canRxDispatchHandle
 .bss.canTxMutexControlBlock
                0x200018f4       0x48 build/main.o
                0x200018f4                canTxMutexControlBlock
 .bss.canTxMutexHandle
                0x2000193c        0x4 build/main.o
                0x2000193c                canTxMutexHandle
 .bss.defaultTaskBuffer
                0x20001940      0x200 build/main.o
                0x20001940                defaultTaskBuffer
 .bss.defaultTaskControlBlock
                0x20001b40       0x54 build/main.o
                0x20001b40                defaultTaskControlBlock
 .bss.defaultTaskHandle
                0x20001b94        0x4 build/main.o
                0x20001b94                defaultTaskHandle
 .bss.drivetrainTaskBuffer
                0x20001b98      0x200 build/main.o
                0x20001b98                drivetrainTaskBuffer
 .bss.drivetrainTaskControlBlock
                0x20001d98       0x54 build/main.o
                0x20001d98                drivetrainTaskControlBlock
 .bss.drivetrainTaskHandle
                0x20001dec        0x4 build/main.o
                0x20001dec                drivetrainTaskHandle
 .bss.excavateControllerHandle
                0x20001df0        0x4 build/main.o
                0x20001df0                excavateControllerHandle
 .bss.gesundheitTaskBuffer
                0x20001df4      0x200 build/main.o
                0x20001df4                gesundheitTaskBuffer
 .bss.gesundheitTaskControlBlock
                0x20001ff4       0x54 build/main.o
                0x20001ff4                gesundheitTaskControlBlock
 .bss.gesundheitTaskHandle
                0x20002048        0x4 build/main.o
                0x20002048                gesundheitTaskHandle
 .bss.hadc1     0x2000204c       0x50 build/main.o
                0x2000204c                hadc1
 .bss.hcan      0x2000209c       0x28 build/main.o
                0x2000209c                hcan
 .bss.huart2    0x200020c4       0x80 build/main.o
                0x200020c4                huart2
 .bss.intakeControllerBuffer
                0x20002144      0x200 build/main.o
                0x20002144                intakeControllerBuffer
 .bss.intakeControllerControlBlock
                0x20002344       0x54 build/main.o
                0x20002344                intakeControllerControlBlock
 .bss.intakeControllerHandle
                0x20002398        0x4 build/main.o
                0x20002398                intakeControllerHandle
 .bss.sneezeControlBuffer
                0x2000239c      0x200 build/main.o
                0x2000239c                sneezeControlBuffer
 .bss.sneezeControlControlBlock
                0x2000259c       0x54 build/main.o
                0x2000259c                sneezeControlControlBlock
 .bss.sneezeControlHandle
                0x200025f0        0x4 build/main.o
                0x200025f0                sneezeControlHandle
 .bss.xCanRxQueue
                0x200025f4        0x4 build/main.o
                0x200025f4                xCanRxQueue
 .bss.htim1     0x200025f8       0x40 build/stm32f3xx_hal_timebase_tim.o
                0x200025f8                htim1
 *(COMMON)
                0x20002638                . = ALIGN (0x4)
                0x20002638                _ebss = .
                0x20002638                __bss_end__ = _ebss

._user_heap_stack
                0x20002638      0x600
                0x20002638                . = ALIGN (0x8)
                0x20002638                PROVIDE (end = .)
                [!provide]                PROVIDE (_end = .)
                0x20002838                . = (. + _Min_Heap_Size)
 *fill*         0x20002638      0x200 
                0x20002c38                . = (. + _Min_Stack_Size)
 *fill*         0x20002838      0x400 
                0x20002c38                . = ALIGN (0x8)

/DISCARD/
 libc.a(*)
 libm.a(*)
 libgcc.a(*)

.ARM.attributes
                0x00000000       0x30
 *(.ARM.attributes)
 .ARM.attributes
                0x00000000       0x1e c:/program files (x86)/gnu arm embedded toolchain/10 2021.10/bin/../lib/gcc/arm-none-eabi/10.3.1/thumb/v7e-m+fp/hard/crti.o
 .ARM.attributes
                0x0000001e       0x34 c:/program files (x86)/gnu arm embedded toolchain/10 2021.10/bin/../lib/gcc/arm-none-eabi/10.3.1/thumb/v7e-m+fp/hard/crtbegin.o
 .ARM.attributes
                0x00000052       0x34 build/stm32f3xx_hal.o
 .ARM.attributes
                0x00000086       0x34 build/stm32f3xx_hal_adc_ex.o
 .ARM.attributes
                0x000000ba       0x34 build/stm32f3xx_hal_can.o
 .ARM.attributes
                0x000000ee       0x34 build/stm32f3xx_hal_cortex.o
 .ARM.attributes
                0x00000122       0x34 build/stm32f3xx_hal_gpio.o
 .ARM.attributes
                0x00000156       0x34 build/stm32f3xx_hal_i2c_ex.o
 .ARM.attributes
                0x0000018a       0x34 build/stm32f3xx_hal_rcc.o
 .ARM.attributes
                0x000001be       0x34 build/stm32f3xx_hal_rcc_ex.o
 .ARM.attributes
                0x000001f2       0x34 build/stm32f3xx_hal_tim.o
 .ARM.attributes
                0x00000226       0x34 build/stm32f3xx_hal_tim_ex.o
 .ARM.attributes
                0x0000025a       0x34 build/stm32f3xx_hal_uart.o
 .ARM.attributes
                0x0000028e       0x34 build/cmsis_os.o
 .ARM.attributes
                0x000002c2       0x34 build/list.o
 .ARM.attributes
                0x000002f6       0x34 build/port.o
 .ARM.attributes
                0x0000032a       0x34 build/heap_4.o
 .ARM.attributes
                0x0000035e       0x34 build/queue.o
 .ARM.attributes
                0x00000392       0x34 build/tasks.o
 .ARM.attributes
                0x000003c6       0x34 build/VESC.o
 .ARM.attributes
                0x000003fa       0x34 build/buffer.o
 .ARM.attributes
                0x0000042e       0x34 build/can_manager.o
 .ARM.attributes
                0x00000462       0x34 build/drivetrain_controller.o
 .ARM.attributes
                0x00000496       0x34 build/excavate_controller.o
 .ARM.attributes
                0x000004ca       0x34 build/freertos.o
 .ARM.attributes
                0x000004fe       0x34 build/intake_controller.o
 .ARM.attributes
                0x00000532       0x34 build/main.o
 .ARM.attributes
                0x00000566       0x34 build/stm32f3xx_hal_msp.o
 .ARM.attributes
                0x0000059a       0x34 build/stm32f3xx_hal_timebase_tim.o
 .ARM.attributes
                0x000005ce       0x34 build/stm32f3xx_it.o
 .ARM.attributes
                0x00000602       0x34 build/system_stm32f3xx.o
 .ARM.attributes
                0x00000636       0x21 build/startup_stm32f303xe.o
 .ARM.attributes
                0x00000657       0x34 c:/program files (x86)/gnu arm embedded toolchain/10 2021.10/bin/../lib/gcc/arm-none-eabi/10.3.1/../../../../arm-none-eabi/lib/thumb/v7e-m+fp/hard\libc_nano.a(lib_a-init.o)
 .ARM.attributes
                0x0000068b       0x34 c:/program files (x86)/gnu arm embedded toolchain/10 2021.10/bin/../lib/gcc/arm-none-eabi/10.3.1/../../../../arm-none-eabi/lib/thumb/v7e-m+fp/hard\libc_nano.a(lib_a-memcpy-stub.o)
 .ARM.attributes
                0x000006bf       0x34 c:/program files (x86)/gnu arm embedded toolchain/10 2021.10/bin/../lib/gcc/arm-none-eabi/10.3.1/../../../../arm-none-eabi/lib/thumb/v7e-m+fp/hard\libc_nano.a(lib_a-memset.o)
 .ARM.attributes
                0x000006f3       0x1e c:/program files (x86)/gnu arm embedded toolchain/10 2021.10/bin/../lib/gcc/arm-none-eabi/10.3.1/thumb/v7e-m+fp/hard\libgcc.a(_arm_muldf3.o)
 .ARM.attributes
                0x00000711       0x1e c:/program files (x86)/gnu arm embedded toolchain/10 2021.10/bin/../lib/gcc/arm-none-eabi/10.3.1/thumb/v7e-m+fp/hard\libgcc.a(_arm_addsubdf3.o)
 .ARM.attributes
                0x0000072f       0x1e c:/program files (x86)/gnu arm embedded toolchain/10 2021.10/bin/../lib/gcc/arm-none-eabi/10.3.1/thumb/v7e-m+fp/hard\libgcc.a(_arm_fixdfsi.o)
 .ARM.attributes
                0x0000074d       0x1e c:/program files (x86)/gnu arm embedded toolchain/10 2021.10/bin/../lib/gcc/arm-none-eabi/10.3.1/thumb/v7e-m+fp/hard/crtn.o
OUTPUT(build/NASA-RMC-RT.elf elf32-littlearm)
LOAD linker stubs
LOAD c:/program files (x86)/gnu arm embedded toolchain/10 2021.10/bin/../lib/gcc/arm-none-eabi/10.3.1/../../../../arm-none-eabi/lib/thumb/v7e-m+fp/hard\libc.a
LOAD c:/program files (x86)/gnu arm embedded toolchain/10 2021.10/bin/../lib/gcc/arm-none-eabi/10.3.1/../../../../arm-none-eabi/lib/thumb/v7e-m+fp/hard\libm.a
LOAD c:/program files (x86)/gnu arm embedded toolchain/10 2021.10/bin/../lib/gcc/arm-none-eabi/10.3.1/thumb/v7e-m+fp/hard\libgcc.a

.debug_info     0x00000000    0x1f351
 .debug_info    0x00000000      0x962 build/stm32f3xx_hal.o
 .debug_info    0x00000962     0x1f89 build/stm32f3xx_hal_adc_ex.o
 .debug_info    0x000028eb     0x139c build/stm32f3xx_hal_can.o
 .debug_info    0x00003c87     0x10ff build/stm32f3xx_hal_cortex.o
 .debug_info    0x00004d86      0x80f build/stm32f3xx_hal_gpio.o
 .debug_info    0x00005595      0xa46 build/stm32f3xx_hal_i2c_ex.o
 .debug_info    0x00005fdb     0x16f2 build/stm32f3xx_hal_rcc.o
 .debug_info    0x000076cd      0x8a6 build/stm32f3xx_hal_rcc_ex.o
 .debug_info    0x00007f73     0x3b53 build/stm32f3xx_hal_tim.o
 .debug_info    0x0000bac6     0x181e build/stm32f3xx_hal_tim_ex.o
 .debug_info    0x0000d2e4     0x1f7c build/stm32f3xx_hal_uart.o
 .debug_info    0x0000f260     0x2419 build/cmsis_os.o
 .debug_info    0x00011679      0x309 build/list.o
 .debug_info    0x00011982      0x5c8 build/port.o
 .debug_info    0x00011f4a      0x49b build/heap_4.o
 .debug_info    0x000123e5     0x231a build/queue.o
 .debug_info    0x000146ff     0x2a8c build/tasks.o
 .debug_info    0x0001718b      0x92d build/VESC.o
 .debug_info    0x00017ab8      0x23e build/buffer.o
 .debug_info    0x00017cf6      0xad9 build/can_manager.o
 .debug_info    0x000187cf      0x4ea build/drivetrain_controller.o
 .debug_info    0x00018cb9      0x3fd build/excavate_controller.o
 .debug_info    0x000190b6      0x2ab build/freertos.o
 .debug_info    0x00019361      0x61b build/intake_controller.o
 .debug_info    0x0001997c     0x27c0 build/main.o
 .debug_info    0x0001c13c     0x16d1 build/stm32f3xx_hal_msp.o
 .debug_info    0x0001d80d      0xb44 build/stm32f3xx_hal_timebase_tim.o
 .debug_info    0x0001e351      0xb61 build/stm32f3xx_it.o
 .debug_info    0x0001eeb2      0x47d build/system_stm32f3xx.o
 .debug_info    0x0001f32f       0x22 build/startup_stm32f303xe.o

.debug_abbrev   0x00000000     0x41bf
 .debug_abbrev  0x00000000      0x20a build/stm32f3xx_hal.o
 .debug_abbrev  0x0000020a      0x30d build/stm32f3xx_hal_adc_ex.o
 .debug_abbrev  0x00000517      0x282 build/stm32f3xx_hal_can.o
 .debug_abbrev  0x00000799      0x382 build/stm32f3xx_hal_cortex.o
 .debug_abbrev  0x00000b1b      0x222 build/stm32f3xx_hal_gpio.o
 .debug_abbrev  0x00000d3d      0x1b5 build/stm32f3xx_hal_i2c_ex.o
 .debug_abbrev  0x00000ef2      0x337 build/stm32f3xx_hal_rcc.o
 .debug_abbrev  0x00001229      0x27f build/stm32f3xx_hal_rcc_ex.o
 .debug_abbrev  0x000014a8      0x282 build/stm32f3xx_hal_tim.o
 .debug_abbrev  0x0000172a      0x27e build/stm32f3xx_hal_tim_ex.o
 .debug_abbrev  0x000019a8      0x274 build/stm32f3xx_hal_uart.o
 .debug_abbrev  0x00001c1c      0x374 build/cmsis_os.o
 .debug_abbrev  0x00001f90      0x124 build/list.o
 .debug_abbrev  0x000020b4      0x28a build/port.o
 .debug_abbrev  0x0000233e      0x255 build/heap_4.o
 .debug_abbrev  0x00002593      0x3f6 build/queue.o
 .debug_abbrev  0x00002989      0x36b build/tasks.o
 .debug_abbrev  0x00002cf4      0x208 build/VESC.o
 .debug_abbrev  0x00002efc       0xe9 build/buffer.o
 .debug_abbrev  0x00002fe5      0x274 build/can_manager.o
 .debug_abbrev  0x00003259      0x1a1 build/drivetrain_controller.o
 .debug_abbrev  0x000033fa      0x17c build/excavate_controller.o
 .debug_abbrev  0x00003576       0xcc build/freertos.o
 .debug_abbrev  0x00003642      0x1e7 build/intake_controller.o
 .debug_abbrev  0x00003829      0x2ec build/main.o
 .debug_abbrev  0x00003b15      0x1f2 build/stm32f3xx_hal_msp.o
 .debug_abbrev  0x00003d07      0x1ef build/stm32f3xx_hal_timebase_tim.o
 .debug_abbrev  0x00003ef6      0x19c build/stm32f3xx_it.o
 .debug_abbrev  0x00004092      0x11b build/system_stm32f3xx.o
 .debug_abbrev  0x000041ad       0x12 build/startup_stm32f303xe.o

.debug_loc      0x00000000    0x15de3
 .debug_loc     0x00000000      0x1e1 build/stm32f3xx_hal.o
 .debug_loc     0x000001e1     0x2605 build/stm32f3xx_hal_adc_ex.o
 .debug_loc     0x000027e6      0xf36 build/stm32f3xx_hal_can.o
 .debug_loc     0x0000371c      0x7a4 build/stm32f3xx_hal_cortex.o
 .debug_loc     0x00003ec0      0x475 build/stm32f3xx_hal_gpio.o
 .debug_loc     0x00004335      0x25a build/stm32f3xx_hal_i2c_ex.o
 .debug_loc     0x0000458f      0xf88 build/stm32f3xx_hal_rcc.o
 .debug_loc     0x00005517      0xe42 build/stm32f3xx_hal_rcc_ex.o
 .debug_loc     0x00006359     0x4b52 build/stm32f3xx_hal_tim.o
 .debug_loc     0x0000aeab     0x1a00 build/stm32f3xx_hal_tim_ex.o
 .debug_loc     0x0000c8ab     0x20ed build/stm32f3xx_hal_uart.o
 .debug_loc     0x0000e998     0x1a7c build/cmsis_os.o
 .debug_loc     0x00010414       0xe5 build/list.o
 .debug_loc     0x000104f9      0x1c0 build/port.o
 .debug_loc     0x000106b9      0x3c1 build/heap_4.o
 .debug_loc     0x00010a7a     0x19f3 build/queue.o
 .debug_loc     0x0001246d     0x236a build/tasks.o
 .debug_loc     0x000147d7      0x773 build/VESC.o
 .debug_loc     0x00014f4a      0x173 build/buffer.o
 .debug_loc     0x000150bd      0x1a8 build/can_manager.o
 .debug_loc     0x00015265      0x198 build/drivetrain_controller.o
 .debug_loc     0x000153fd       0xcd build/excavate_controller.o
 .debug_loc     0x000154ca      0x1fd build/intake_controller.o
 .debug_loc     0x000156c7      0x1fb build/main.o
 .debug_loc     0x000158c2      0x2f0 build/stm32f3xx_hal_msp.o
 .debug_loc     0x00015bb2       0xcd build/stm32f3xx_hal_timebase_tim.o
 .debug_loc     0x00015c7f       0x40 build/stm32f3xx_it.o
 .debug_loc     0x00015cbf      0x124 build/system_stm32f3xx.o

.debug_aranges  0x00000000     0x1558
 .debug_aranges
                0x00000000       0xe0 build/stm32f3xx_hal.o
 .debug_aranges
                0x000000e0      0x168 build/stm32f3xx_hal_adc_ex.o
 .debug_aranges
                0x00000248      0x138 build/stm32f3xx_hal_can.o
 .debug_aranges
                0x00000380       0xa8 build/stm32f3xx_hal_cortex.o
 .debug_aranges
                0x00000428       0x58 build/stm32f3xx_hal_gpio.o
 .debug_aranges
                0x00000480       0x48 build/stm32f3xx_hal_i2c_ex.o
 .debug_aranges
                0x000004c8       0x88 build/stm32f3xx_hal_rcc.o
 .debug_aranges
                0x00000550       0x38 build/stm32f3xx_hal_rcc_ex.o
 .debug_aranges
                0x00000588      0x3c8 build/stm32f3xx_hal_tim.o
 .debug_aranges
                0x00000950      0x160 build/stm32f3xx_hal_tim_ex.o
 .debug_aranges
                0x00000ab0      0x210 build/stm32f3xx_hal_uart.o
 .debug_aranges
                0x00000cc0      0x1d8 build/cmsis_os.o
 .debug_aranges
                0x00000e98       0x40 build/list.o
 .debug_aranges
                0x00000ed8       0x80 build/port.o
 .debug_aranges
                0x00000f58       0x50 build/heap_4.o
 .debug_aranges
                0x00000fa8      0x108 build/queue.o
 .debug_aranges
                0x000010b0      0x1b0 build/tasks.o
 .debug_aranges
                0x00001260       0x68 build/VESC.o
 .debug_aranges
                0x000012c8       0x38 build/buffer.o
 .debug_aranges
                0x00001300       0x38 build/can_manager.o
 .debug_aranges
                0x00001338       0x28 build/drivetrain_controller.o
 .debug_aranges
                0x00001360       0x28 build/excavate_controller.o
 .debug_aranges
                0x00001388       0x20 build/freertos.o
 .debug_aranges
                0x000013a8       0x28 build/intake_controller.o
 .debug_aranges
                0x000013d0       0x60 build/main.o
 .debug_aranges
                0x00001430       0x50 build/stm32f3xx_hal_msp.o
 .debug_aranges
                0x00001480       0x30 build/stm32f3xx_hal_timebase_tim.o
 .debug_aranges
                0x000014b0       0x58 build/stm32f3xx_it.o
 .debug_aranges
                0x00001508       0x28 build/system_stm32f3xx.o
 .debug_aranges
                0x00001530       0x28 build/startup_stm32f303xe.o

.debug_ranges   0x00000000     0x1640
 .debug_ranges  0x00000000       0xd0 build/stm32f3xx_hal.o
 .debug_ranges  0x000000d0      0x158 build/stm32f3xx_hal_adc_ex.o
 .debug_ranges  0x00000228      0x128 build/stm32f3xx_hal_can.o
 .debug_ranges  0x00000350       0xf8 build/stm32f3xx_hal_cortex.o
 .debug_ranges  0x00000448       0x48 build/stm32f3xx_hal_gpio.o
 .debug_ranges  0x00000490       0x38 build/stm32f3xx_hal_i2c_ex.o
 .debug_ranges  0x000004c8       0x98 build/stm32f3xx_hal_rcc.o
 .debug_ranges  0x00000560       0x40 build/stm32f3xx_hal_rcc_ex.o
 .debug_ranges  0x000005a0      0x3b8 build/stm32f3xx_hal_tim.o
 .debug_ranges  0x00000958      0x150 build/stm32f3xx_hal_tim_ex.o
 .debug_ranges  0x00000aa8      0x200 build/stm32f3xx_hal_uart.o
 .debug_ranges  0x00000ca8      0x1c8 build/cmsis_os.o
 .debug_ranges  0x00000e70       0x30 build/list.o
 .debug_ranges  0x00000ea0       0x88 build/port.o
 .debug_ranges  0x00000f28       0x40 build/heap_4.o
 .debug_ranges  0x00000f68      0x1c8 build/queue.o
 .debug_ranges  0x00001130      0x280 build/tasks.o
 .debug_ranges  0x000013b0       0x70 build/VESC.o
 .debug_ranges  0x00001420       0x28 build/buffer.o
 .debug_ranges  0x00001448       0x40 build/can_manager.o
 .debug_ranges  0x00001488       0x18 build/drivetrain_controller.o
 .debug_ranges  0x000014a0       0x18 build/excavate_controller.o
 .debug_ranges  0x000014b8       0x10 build/freertos.o
 .debug_ranges  0x000014c8       0x48 build/intake_controller.o
 .debug_ranges  0x00001510       0x50 build/main.o
 .debug_ranges  0x00001560       0x40 build/stm32f3xx_hal_msp.o
 .debug_ranges  0x000015a0       0x20 build/stm32f3xx_hal_timebase_tim.o
 .debug_ranges  0x000015c0       0x48 build/stm32f3xx_it.o
 .debug_ranges  0x00001608       0x18 build/system_stm32f3xx.o
 .debug_ranges  0x00001620       0x20 build/startup_stm32f303xe.o

.debug_line     0x00000000    0x16db4
 .debug_line    0x00000000      0x52c build/stm32f3xx_hal.o
 .debug_line    0x0000052c     0x29de build/stm32f3xx_hal_adc_ex.o
 .debug_line    0x00002f0a     0x10eb build/stm32f3xx_hal_can.o
 .debug_line    0x00003ff5      0x751 build/stm32f3xx_hal_cortex.o
 .debug_line    0x00004746      0x68f build/stm32f3xx_hal_gpio.o
 .debug_line    0x00004dd5      0x4c9 build/stm32f3xx_hal_i2c_ex.o
 .debug_line    0x0000529e     0x11e0 build/stm32f3xx_hal_rcc.o
 .debug_line    0x0000647e      0xdb6 build/stm32f3xx_hal_rcc_ex.o
 .debug_line    0x00007234     0x3ab3 build/stm32f3xx_hal_tim.o
 .debug_line    0x0000ace7     0x12f0 build/stm32f3xx_hal_tim_ex.o
 .debug_line    0x0000bfd7     0x214d build/stm32f3xx_hal_uart.o
 .debug_line    0x0000e124     0x11af build/cmsis_os.o
 .debug_line    0x0000f2d3      0x36d build/list.o
 .debug_line    0x0000f640      0x719 build/port.o
 .debug_line    0x0000fd59      0x673 build/heap_4.o
 .debug_line    0x000103cc     0x1b96 build/queue.o
 .debug_line    0x00011f62     0x243b build/tasks.o
 .debug_line    0x0001439d      0x462 build/VESC.o
 .debug_line    0x000147ff      0x227 build/buffer.o
 .debug_line    0x00014a26      0x3df build/can_manager.o
 .debug_line    0x00014e05      0x2cf build/drivetrain_controller.o
 .debug_line    0x000150d4      0x254 build/excavate_controller.o
 .debug_line    0x00015328      0x1b9 build/freertos.o
 .debug_line    0x000154e1      0x3b5 build/intake_controller.o
 .debug_line    0x00015896      0x8e8 build/main.o
 .debug_line    0x0001617e      0x423 build/stm32f3xx_hal_msp.o
 .debug_line    0x000165a1      0x291 build/stm32f3xx_hal_timebase_tim.o
 .debug_line    0x00016832      0x2b9 build/stm32f3xx_it.o
 .debug_line    0x00016aeb      0x256 build/system_stm32f3xx.o
 .debug_line    0x00016d41       0x73 build/startup_stm32f303xe.o

.debug_str      0x00000000     0x76c5
 .debug_str     0x00000000      0x9b4 build/stm32f3xx_hal.o
                                0xa0d (size before relaxing)
 .debug_str     0x000009b4      0xc3d build/stm32f3xx_hal_adc_ex.o
                                0xeff (size before relaxing)
 .debug_str     0x000015f1      0x785 build/stm32f3xx_hal_can.o
                                0xa3d (size before relaxing)
 .debug_str     0x00001d76      0x499 build/stm32f3xx_hal_cortex.o
                                0xbc7 (size before relaxing)
 .debug_str     0x0000220f      0x204 build/stm32f3xx_hal_gpio.o
                                0x49f (size before relaxing)
 .debug_str     0x00002413      0x36b build/stm32f3xx_hal_i2c_ex.o
                                0x863 (size before relaxing)
 .debug_str     0x0000277e      0x332 build/stm32f3xx_hal_rcc.o
                                0x678 (size before relaxing)
 .debug_str     0x00002ab0      0x2b6 build/stm32f3xx_hal_rcc_ex.o
                                0x5ba (size before relaxing)
 .debug_str     0x00002d66     0x10b2 build/stm32f3xx_hal_tim.o
                               0x14fb (size before relaxing)
 .debug_str     0x00003e18      0x5a3 build/stm32f3xx_hal_tim_ex.o
                                0xd01 (size before relaxing)
 .debug_str     0x000043bb      0x904 build/stm32f3xx_hal_uart.o
                                0xe1e (size before relaxing)
 .debug_str     0x00004cbf      0xd65 build/cmsis_os.o
                               0x1005 (size before relaxing)
 .debug_str     0x00005a24      0x136 build/list.o
                                0x2f4 (size before relaxing)
 .debug_str     0x00005b5a      0x236 build/port.o
                                0x470 (size before relaxing)
 .debug_str     0x00005d90      0x1e5 build/heap_4.o
                                0x3dd (size before relaxing)
 .debug_str     0x00005f75      0x52b build/queue.o
                                0xac6 (size before relaxing)
 .debug_str     0x000064a0      0x7ac build/tasks.o
                               0x1007 (size before relaxing)
 .debug_str     0x00006c4c      0x201 build/VESC.o
                                0x3dc (size before relaxing)
 .debug_str     0x00006e4d       0x28 build/buffer.o
                                0x208 (size before relaxing)
 .debug_str     0x00006e75       0xc8 build/can_manager.o
                                0x708 (size before relaxing)
 .debug_str     0x00006f3d       0x8b build/drivetrain_controller.o
                                0x351 (size before relaxing)
 .debug_str     0x00006fc8       0x7b build/excavate_controller.o
                                0x341 (size before relaxing)
 .debug_str     0x00007043       0x5b build/freertos.o
                                0x2fc (size before relaxing)
 .debug_str     0x0000709e       0xc5 build/intake_controller.o
                                0x409 (size before relaxing)
 .debug_str     0x00007163      0x3e1 build/main.o
                               0x19bb (size before relaxing)
 .debug_str     0x00007544       0x18 build/stm32f3xx_hal_msp.o
                               0x1047 (size before relaxing)
 .debug_str     0x0000755c       0x4d build/stm32f3xx_hal_timebase_tim.o
                                0xc06 (size before relaxing)
 .debug_str     0x000075a9       0xab build/stm32f3xx_it.o
                                0x8c3 (size before relaxing)
 .debug_str     0x00007654       0x4d build/system_stm32f3xx.o
                                0x2c7 (size before relaxing)
 .debug_str     0x000076a1       0x24 build/startup_stm32f303xe.o
                                 0x5c (size before relaxing)

.comment        0x00000000       0x49
 .comment       0x00000000       0x49 build/stm32f3xx_hal.o
                                 0x4a (size before relaxing)
 .comment       0x00000049       0x4a build/stm32f3xx_hal_adc_ex.o
 .comment       0x00000049       0x4a build/stm32f3xx_hal_can.o
 .comment       0x00000049       0x4a build/stm32f3xx_hal_cortex.o
 .comment       0x00000049       0x4a build/stm32f3xx_hal_gpio.o
 .comment       0x00000049       0x4a build/stm32f3xx_hal_i2c_ex.o
 .comment       0x00000049       0x4a build/stm32f3xx_hal_rcc.o
 .comment       0x00000049       0x4a build/stm32f3xx_hal_rcc_ex.o
 .comment       0x00000049       0x4a build/stm32f3xx_hal_tim.o
 .comment       0x00000049       0x4a build/stm32f3xx_hal_tim_ex.o
 .comment       0x00000049       0x4a build/stm32f3xx_hal_uart.o
 .comment       0x00000049       0x4a build/cmsis_os.o
 .comment       0x00000049       0x4a build/list.o
 .comment       0x00000049       0x4a build/port.o
 .comment       0x00000049       0x4a build/heap_4.o
 .comment       0x00000049       0x4a build/queue.o
 .comment       0x00000049       0x4a build/tasks.o
 .comment       0x00000049       0x4a build/VESC.o
 .comment       0x00000049       0x4a build/buffer.o
 .comment       0x00000049       0x4a build/can_manager.o
 .comment       0x00000049       0x4a build/drivetrain_controller.o
 .comment       0x00000049       0x4a build/excavate_controller.o
 .comment       0x00000049       0x4a build/freertos.o
 .comment       0x00000049       0x4a build/intake_controller.o
 .comment       0x00000049       0x4a build/main.o
 .comment       0x00000049       0x4a build/stm32f3xx_hal_msp.o
 .comment       0x00000049       0x4a build/stm32f3xx_hal_timebase_tim.o
 .comment       0x00000049       0x4a build/stm32f3xx_it.o
 .comment       0x00000049       0x4a build/system_stm32f3xx.o

.debug_frame    0x00000000     0x3ad8
 .debug_frame   0x00000000      0x1cc build/stm32f3xx_hal.o
 .debug_frame   0x000001cc      0x4d0 build/stm32f3xx_hal_adc_ex.o
 .debug_frame   0x0000069c      0x2dc build/stm32f3xx_hal_can.o
 .debug_frame   0x00000978      0x148 build/stm32f3xx_hal_cortex.o
 .debug_frame   0x00000ac0       0xd0 build/stm32f3xx_hal_gpio.o
 .debug_frame   0x00000b90       0x80 build/stm32f3xx_hal_i2c_ex.o
 .debug_frame   0x00000c10      0x170 build/stm32f3xx_hal_rcc.o
 .debug_frame   0x00000d80       0x7c build/stm32f3xx_hal_rcc_ex.o
 .debug_frame   0x00000dfc      0xaec build/stm32f3xx_hal_tim.o
 .debug_frame   0x000018e8      0x3e4 build/stm32f3xx_hal_tim_ex.o
 .debug_frame   0x00001ccc      0x5c4 build/stm32f3xx_hal_uart.o
 .debug_frame   0x00002290      0x594 build/cmsis_os.o
 .debug_frame   0x00002824       0x70 build/list.o
 .debug_frame   0x00002894      0x110 build/port.o
 .debug_frame   0x000029a4       0xb0 build/heap_4.o
 .debug_frame   0x00002a54      0x360 build/queue.o
 .debug_frame   0x00002db4      0x574 build/tasks.o
 .debug_frame   0x00003328      0x12c build/VESC.o
 .debug_frame   0x00003454       0x80 build/buffer.o
 .debug_frame   0x000034d4       0x80 build/can_manager.o
 .debug_frame   0x00003554       0x64 build/drivetrain_controller.o
 .debug_frame   0x000035b8       0x44 build/excavate_controller.o
 .debug_frame   0x000035fc       0x20 build/freertos.o
 .debug_frame   0x0000361c       0x4c build/intake_controller.o
 .debug_frame   0x00003668      0x108 build/main.o
 .debug_frame   0x00003770       0xd4 build/stm32f3xx_hal_msp.o
 .debug_frame   0x00003844       0x50 build/stm32f3xx_hal_timebase_tim.o
 .debug_frame   0x00003894       0xa0 build/stm32f3xx_it.o
 .debug_frame   0x00003934       0x30 build/system_stm32f3xx.o
 .debug_frame   0x00003964       0x2c c:/program files (x86)/gnu arm embedded toolchain/10 2021.10/bin/../lib/gcc/arm-none-eabi/10.3.1/../../../../arm-none-eabi/lib/thumb/v7e-m+fp/hard\libc_nano.a(lib_a-init.o)
 .debug_frame   0x00003990       0x28 c:/program files (x86)/gnu arm embedded toolchain/10 2021.10/bin/../lib/gcc/arm-none-eabi/10.3.1/../../../../arm-none-eabi/lib/thumb/v7e-m+fp/hard\libc_nano.a(lib_a-memcpy-stub.o)
 .debug_frame   0x000039b8       0x20 c:/program files (x86)/gnu arm embedded toolchain/10 2021.10/bin/../lib/gcc/arm-none-eabi/10.3.1/../../../../arm-none-eabi/lib/thumb/v7e-m+fp/hard\libc_nano.a(lib_a-memset.o)
 .debug_frame   0x000039d8       0x30 c:/program files (x86)/gnu arm embedded toolchain/10 2021.10/bin/../lib/gcc/arm-none-eabi/10.3.1/thumb/v7e-m+fp/hard\libgcc.a(_arm_muldf3.o)
 .debug_frame   0x00003a08       0xac c:/program files (x86)/gnu arm embedded toolchain/10 2021.10/bin/../lib/gcc/arm-none-eabi/10.3.1/thumb/v7e-m+fp/hard\libgcc.a(_arm_addsubdf3.o)
 .debug_frame   0x00003ab4       0x24 c:/program files (x86)/gnu arm embedded toolchain/10 2021.10/bin/../lib/gcc/arm-none-eabi/10.3.1/thumb/v7e-m+fp/hard\libgcc.a(_arm_fixdfsi.o)

Cross Reference Table

Symbol                                            File
ADC1_2_IRQHandler                                 build/startup_stm32f303xe.o
ADC3_IRQHandler                                   build/startup_stm32f303xe.o
ADC4_IRQHandler                                   build/startup_stm32f303xe.o
AHBPrescTable                                     build/system_stm32f3xx.o
                                                  build/stm32f3xx_hal_rcc.o
APBPrescTable                                     build/system_stm32f3xx.o
                                                  build/stm32f3xx_hal_rcc.o
BusFault_Handler                                  build/stm32f3xx_it.o
CAN_RX1_IRQHandler                                build/startup_stm32f303xe.o
CAN_SCE_IRQHandler                                build/startup_stm32f303xe.o
COMP1_2_3_IRQHandler                              build/startup_stm32f303xe.o
COMP4_5_6_IRQHandler                              build/startup_stm32f303xe.o
COMP7_IRQHandler                                  build/startup_stm32f303xe.o
CurTxMailbox                                      build/can_manager.o
DMA1_Channel1_IRQHandler                          build/startup_stm32f303xe.o
DMA1_Channel2_IRQHandler                          build/startup_stm32f303xe.o
DMA1_Channel3_IRQHandler                          build/startup_stm32f303xe.o
DMA1_Channel4_IRQHandler                          build/startup_stm32f303xe.o
DMA1_Channel5_IRQHandler                          build/startup_stm32f303xe.o
DMA1_Channel6_IRQHandler                          build/startup_stm32f303xe.o
DMA1_Channel7_IRQHandler                          build/startup_stm32f303xe.o
DMA2_Channel1_IRQHandler                          build/startup_stm32f303xe.o
DMA2_Channel2_IRQHandler                          build/startup_stm32f303xe.o
DMA2_Channel3_IRQHandler                          build/startup_stm32f303xe.o
DMA2_Channel4_IRQHandler                          build/startup_stm32f303xe.o
DMA2_Channel5_IRQHandler                          build/startup_stm32f303xe.o
DebugMon_Handler                                  build/stm32f3xx_it.o
Default_Handler                                   build/startup_stm32f303xe.o
EXTI0_IRQHandler                                  build/startup_stm32f303xe.o
EXTI15_10_IRQHandler                              build/startup_stm32f303xe.o
EXTI1_IRQHandler                                  build/startup_stm32f303xe.o
EXTI2_TSC_IRQHandler                              build/startup_stm32f303xe.o
EXTI3_IRQHandler                                  build/startup_stm32f303xe.o
EXTI4_IRQHandler                                  build/startup_stm32f303xe.o
EXTI9_5_IRQHandler                                build/startup_stm32f303xe.o
Error_Handler                                     build/main.o
                                                  build/can_manager.o
FLASH_IRQHandler                                  build/startup_stm32f303xe.o
FLASH_PageErase                                   build/stm32f3xx_hal_flash_ex.o
                                                  build/stm32f3xx_hal_flash.o
FLASH_WaitForLastOperation                        build/stm32f3xx_hal_flash.o
                                                  build/stm32f3xx_hal_flash_ex.o
FMC_IRQHandler                                    build/startup_stm32f303xe.o
FPU_IRQHandler                                    build/startup_stm32f303xe.o
HAL_ADCEx_Calibration_GetValue                    build/stm32f3xx_hal_adc_ex.o
HAL_ADCEx_Calibration_SetValue                    build/stm32f3xx_hal_adc_ex.o
HAL_ADCEx_Calibration_Start                       build/stm32f3xx_hal_adc_ex.o
HAL_ADCEx_InjectedConfigChannel                   build/stm32f3xx_hal_adc_ex.o
HAL_ADCEx_InjectedConvCpltCallback                build/stm32f3xx_hal_adc_ex.o
HAL_ADCEx_InjectedGetValue                        build/stm32f3xx_hal_adc_ex.o
HAL_ADCEx_InjectedPollForConversion               build/stm32f3xx_hal_adc_ex.o
HAL_ADCEx_InjectedQueueOverflowCallback           build/stm32f3xx_hal_adc_ex.o
HAL_ADCEx_InjectedStart                           build/stm32f3xx_hal_adc_ex.o
HAL_ADCEx_InjectedStart_IT                        build/stm32f3xx_hal_adc_ex.o
HAL_ADCEx_InjectedStop                            build/stm32f3xx_hal_adc_ex.o
HAL_ADCEx_InjectedStop_IT                         build/stm32f3xx_hal_adc_ex.o
HAL_ADCEx_LevelOutOfWindow2Callback               build/stm32f3xx_hal_adc_ex.o
HAL_ADCEx_LevelOutOfWindow3Callback               build/stm32f3xx_hal_adc_ex.o
HAL_ADCEx_MultiModeConfigChannel                  build/stm32f3xx_hal_adc_ex.o
                                                  build/main.o
HAL_ADCEx_MultiModeGetValue                       build/stm32f3xx_hal_adc_ex.o
HAL_ADCEx_MultiModeStart_DMA                      build/stm32f3xx_hal_adc_ex.o
HAL_ADCEx_MultiModeStop_DMA                       build/stm32f3xx_hal_adc_ex.o
HAL_ADCEx_RegularMultiModeStop_DMA                build/stm32f3xx_hal_adc_ex.o
HAL_ADCEx_RegularStop                             build/stm32f3xx_hal_adc_ex.o
HAL_ADCEx_RegularStop_DMA                         build/stm32f3xx_hal_adc_ex.o
HAL_ADCEx_RegularStop_IT                          build/stm32f3xx_hal_adc_ex.o
HAL_ADC_AnalogWDGConfig                           build/stm32f3xx_hal_adc_ex.o
                                                  build/stm32f3xx_hal_adc.o
HAL_ADC_ConfigChannel                             build/stm32f3xx_hal_adc_ex.o
                                                  build/stm32f3xx_hal_adc.o
                                                  build/main.o
HAL_ADC_ConvCpltCallback                          build/stm32f3xx_hal_adc.o
                                                  build/stm32f3xx_hal_adc_ex.o
HAL_ADC_ConvHalfCpltCallback                      build/stm32f3xx_hal_adc.o
                                                  build/stm32f3xx_hal_adc_ex.o
HAL_ADC_DeInit                                    build/stm32f3xx_hal_adc_ex.o
                                                  build/stm32f3xx_hal_adc.o
HAL_ADC_ErrorCallback                             build/stm32f3xx_hal_adc.o
                                                  build/stm32f3xx_hal_adc_ex.o
HAL_ADC_GetError                                  build/stm32f3xx_hal_adc.o
HAL_ADC_GetState                                  build/stm32f3xx_hal_adc.o
HAL_ADC_GetValue                                  build/stm32f3xx_hal_adc_ex.o
                                                  build/stm32f3xx_hal_adc.o
HAL_ADC_IRQHandler                                build/stm32f3xx_hal_adc_ex.o
                                                  build/stm32f3xx_hal_adc.o
HAL_ADC_Init                                      build/stm32f3xx_hal_adc_ex.o
                                                  build/stm32f3xx_hal_adc.o
                                                  build/main.o
HAL_ADC_LevelOutOfWindowCallback                  build/stm32f3xx_hal_adc.o
                                                  build/stm32f3xx_hal_adc_ex.o
HAL_ADC_MspDeInit                                 build/stm32f3xx_hal_msp.o
                                                  build/stm32f3xx_hal_adc.o
                                                  build/stm32f3xx_hal_adc_ex.o
HAL_ADC_MspInit                                   build/stm32f3xx_hal_msp.o
                                                  build/stm32f3xx_hal_adc.o
                                                  build/stm32f3xx_hal_adc_ex.o
HAL_ADC_PollForConversion                         build/stm32f3xx_hal_adc_ex.o
                                                  build/stm32f3xx_hal_adc.o
HAL_ADC_PollForEvent                              build/stm32f3xx_hal_adc_ex.o
                                                  build/stm32f3xx_hal_adc.o
HAL_ADC_Start                                     build/stm32f3xx_hal_adc_ex.o
                                                  build/stm32f3xx_hal_adc.o
HAL_ADC_Start_DMA                                 build/stm32f3xx_hal_adc_ex.o
                                                  build/stm32f3xx_hal_adc.o
HAL_ADC_Start_IT                                  build/stm32f3xx_hal_adc_ex.o
                                                  build/stm32f3xx_hal_adc.o
HAL_ADC_Stop                                      build/stm32f3xx_hal_adc_ex.o
                                                  build/stm32f3xx_hal_adc.o
HAL_ADC_Stop_DMA                                  build/stm32f3xx_hal_adc_ex.o
                                                  build/stm32f3xx_hal_adc.o
HAL_ADC_Stop_IT                                   build/stm32f3xx_hal_adc_ex.o
                                                  build/stm32f3xx_hal_adc.o
HAL_CAN_AbortTxRequest                            build/stm32f3xx_hal_can.o
HAL_CAN_ActivateNotification                      build/stm32f3xx_hal_can.o
                                                  build/main.o
HAL_CAN_AddTxMessage                              build/stm32f3xx_hal_can.o
                                                  build/can_manager.o
HAL_CAN_ConfigFilter                              build/stm32f3xx_hal_can.o
                                                  build/main.o
HAL_CAN_DeInit                                    build/stm32f3xx_hal_can.o
HAL_CAN_DeactivateNotification                    build/stm32f3xx_hal_can.o
HAL_CAN_ErrorCallback                             build/stm32f3xx_hal_can.o
HAL_CAN_GetError                                  build/stm32f3xx_hal_can.o
HAL_CAN_GetRxFifoFillLevel                        build/stm32f3xx_hal_can.o
HAL_CAN_GetRxMessage                              build/stm32f3xx_hal_can.o
                                                  build/can_manager.o
HAL_CAN_GetState                                  build/stm32f3xx_hal_can.o
HAL_CAN_GetTxMailboxesFreeLevel                   build/stm32f3xx_hal_can.o
                                                  build/can_manager.o
HAL_CAN_GetTxTimestamp                            build/stm32f3xx_hal_can.o
HAL_CAN_IRQHandler                                build/stm32f3xx_hal_can.o
                                                  build/stm32f3xx_it.o
HAL_CAN_Init                                      build/stm32f3xx_hal_can.o
                                                  build/main.o
HAL_CAN_IsSleepActive                             build/stm32f3xx_hal_can.o
HAL_CAN_IsTxMessagePending                        build/stm32f3xx_hal_can.o
HAL_CAN_MspDeInit                                 build/stm32f3xx_hal_msp.o
                                                  build/stm32f3xx_hal_can.o
HAL_CAN_MspInit                                   build/stm32f3xx_hal_msp.o
                                                  build/stm32f3xx_hal_can.o
HAL_CAN_RequestSleep                              build/stm32f3xx_hal_can.o
HAL_CAN_ResetError                                build/stm32f3xx_hal_can.o
HAL_CAN_RxFifo0FullCallback                       build/stm32f3xx_hal_can.o
HAL_CAN_RxFifo0MsgPendingCallback                 build/can_manager.o
                                                  build/stm32f3xx_hal_can.o
HAL_CAN_RxFifo1FullCallback                       build/stm32f3xx_hal_can.o
HAL_CAN_RxFifo1MsgPendingCallback                 build/stm32f3xx_hal_can.o
HAL_CAN_SleepCallback                             build/stm32f3xx_hal_can.o
HAL_CAN_Start                                     build/stm32f3xx_hal_can.o
                                                  build/main.o
HAL_CAN_Stop                                      build/stm32f3xx_hal_can.o
HAL_CAN_TxMailbox0AbortCallback                   build/stm32f3xx_hal_can.o
HAL_CAN_TxMailbox0CompleteCallback                build/stm32f3xx_hal_can.o
HAL_CAN_TxMailbox1AbortCallback                   build/stm32f3xx_hal_can.o
HAL_CAN_TxMailbox1CompleteCallback                build/stm32f3xx_hal_can.o
HAL_CAN_TxMailbox2AbortCallback                   build/stm32f3xx_hal_can.o
HAL_CAN_TxMailbox2CompleteCallback                build/stm32f3xx_hal_can.o
HAL_CAN_WakeUp                                    build/stm32f3xx_hal_can.o
HAL_CAN_WakeUpFromRxMsgCallback                   build/stm32f3xx_hal_can.o
HAL_DBGMCU_DisableDBGSleepMode                    build/stm32f3xx_hal.o
HAL_DBGMCU_DisableDBGStandbyMode                  build/stm32f3xx_hal.o
HAL_DBGMCU_DisableDBGStopMode                     build/stm32f3xx_hal.o
HAL_DBGMCU_EnableDBGSleepMode                     build/stm32f3xx_hal.o
HAL_DBGMCU_EnableDBGStandbyMode                   build/stm32f3xx_hal.o
HAL_DBGMCU_EnableDBGStopMode                      build/stm32f3xx_hal.o
HAL_DMA_Abort                                     build/stm32f3xx_hal_dma.o
                                                  build/stm32f3xx_hal_uart.o
                                                  build/stm32f3xx_hal_adc_ex.o
HAL_DMA_Abort_IT                                  build/stm32f3xx_hal_dma.o
                                                  build/stm32f3xx_hal_uart.o
                                                  build/stm32f3xx_hal_tim_ex.o
                                                  build/stm32f3xx_hal_tim.o
                                                  build/stm32f3xx_hal_i2c.o
HAL_DMA_DeInit                                    build/stm32f3xx_hal_dma.o
HAL_DMA_GetError                                  build/stm32f3xx_hal_dma.o
                                                  build/stm32f3xx_hal_uart.o
HAL_DMA_GetState                                  build/stm32f3xx_hal_dma.o
HAL_DMA_IRQHandler                                build/stm32f3xx_hal_dma.o
HAL_DMA_Init                                      build/stm32f3xx_hal_dma.o
HAL_DMA_PollForTransfer                           build/stm32f3xx_hal_dma.o
HAL_DMA_RegisterCallback                          build/stm32f3xx_hal_dma.o
HAL_DMA_Start                                     build/stm32f3xx_hal_dma.o
HAL_DMA_Start_IT                                  build/stm32f3xx_hal_dma.o
                                                  build/stm32f3xx_hal_uart.o
                                                  build/stm32f3xx_hal_tim_ex.o
                                                  build/stm32f3xx_hal_tim.o
                                                  build/stm32f3xx_hal_i2c.o
                                                  build/stm32f3xx_hal_adc_ex.o
HAL_DMA_UnRegisterCallback                        build/stm32f3xx_hal_dma.o
HAL_DeInit                                        build/stm32f3xx_hal.o
HAL_Delay                                         build/stm32f3xx_hal.o
HAL_EXTI_ClearConfigLine                          build/stm32f3xx_hal_exti.o
HAL_EXTI_ClearPending                             build/stm32f3xx_hal_exti.o
HAL_EXTI_GenerateSWI                              build/stm32f3xx_hal_exti.o
HAL_EXTI_GetConfigLine                            build/stm32f3xx_hal_exti.o
HAL_EXTI_GetHandle                                build/stm32f3xx_hal_exti.o
HAL_EXTI_GetPending                               build/stm32f3xx_hal_exti.o
HAL_EXTI_IRQHandler                               build/stm32f3xx_hal_exti.o
HAL_EXTI_RegisterCallback                         build/stm32f3xx_hal_exti.o
HAL_EXTI_SetConfigLine                            build/stm32f3xx_hal_exti.o
HAL_FLASHEx_Erase                                 build/stm32f3xx_hal_flash_ex.o
HAL_FLASHEx_Erase_IT                              build/stm32f3xx_hal_flash_ex.o
HAL_FLASHEx_OBErase                               build/stm32f3xx_hal_flash_ex.o
HAL_FLASHEx_OBGetConfig                           build/stm32f3xx_hal_flash_ex.o
HAL_FLASHEx_OBGetUserData                         build/stm32f3xx_hal_flash_ex.o
HAL_FLASHEx_OBProgram                             build/stm32f3xx_hal_flash_ex.o
HAL_FLASH_EndOfOperationCallback                  build/stm32f3xx_hal_flash.o
HAL_FLASH_GetError                                build/stm32f3xx_hal_flash.o
HAL_FLASH_IRQHandler                              build/stm32f3xx_hal_flash.o
HAL_FLASH_Lock                                    build/stm32f3xx_hal_flash.o
HAL_FLASH_OB_Launch                               build/stm32f3xx_hal_flash.o
HAL_FLASH_OB_Lock                                 build/stm32f3xx_hal_flash.o
HAL_FLASH_OB_Unlock                               build/stm32f3xx_hal_flash.o
HAL_FLASH_OperationErrorCallback                  build/stm32f3xx_hal_flash.o
HAL_FLASH_Program                                 build/stm32f3xx_hal_flash.o
HAL_FLASH_Program_IT                              build/stm32f3xx_hal_flash.o
HAL_FLASH_Unlock                                  build/stm32f3xx_hal_flash.o
HAL_GPIO_DeInit                                   build/stm32f3xx_hal_gpio.o
                                                  build/stm32f3xx_hal_msp.o
HAL_GPIO_EXTI_Callback                            build/stm32f3xx_hal_gpio.o
HAL_GPIO_EXTI_IRQHandler                          build/stm32f3xx_hal_gpio.o
HAL_GPIO_Init                                     build/stm32f3xx_hal_gpio.o
                                                  build/stm32f3xx_hal_msp.o
                                                  build/main.o
                                                  build/stm32f3xx_hal_rcc.o
HAL_GPIO_LockPin                                  build/stm32f3xx_hal_gpio.o
HAL_GPIO_ReadPin                                  build/stm32f3xx_hal_gpio.o
                                                  build/intake_controller.o
HAL_GPIO_TogglePin                                build/stm32f3xx_hal_gpio.o
HAL_GPIO_WritePin                                 build/stm32f3xx_hal_gpio.o
                                                  build/relay.o
                                                  build/main.o
HAL_GetDEVID                                      build/stm32f3xx_hal.o
HAL_GetHalVersion                                 build/stm32f3xx_hal.o
HAL_GetREVID                                      build/stm32f3xx_hal.o
HAL_GetTick                                       build/stm32f3xx_hal.o
                                                  build/stm32f3xx_hal_uart_ex.o
                                                  build/stm32f3xx_hal_uart.o
                                                  build/stm32f3xx_hal_rcc_ex.o
                                                  build/stm32f3xx_hal_rcc.o
                                                  build/stm32f3xx_hal_i2c.o
                                                  build/stm32f3xx_hal_flash.o
                                                  build/stm32f3xx_hal_dma.o
                                                  build/stm32f3xx_hal_can.o
                                                  build/stm32f3xx_hal_adc_ex.o
HAL_GetTickFreq                                   build/stm32f3xx_hal.o
HAL_GetTickPrio                                   build/stm32f3xx_hal.o
HAL_GetUIDw0                                      build/stm32f3xx_hal.o
HAL_GetUIDw1                                      build/stm32f3xx_hal.o
HAL_GetUIDw2                                      build/stm32f3xx_hal.o
HAL_HalfDuplex_EnableReceiver                     build/stm32f3xx_hal_uart.o
HAL_HalfDuplex_EnableTransmitter                  build/stm32f3xx_hal_uart.o
HAL_HalfDuplex_Init                               build/stm32f3xx_hal_uart.o
HAL_I2CEx_ConfigAnalogFilter                      build/stm32f3xx_hal_i2c_ex.o
HAL_I2CEx_ConfigDigitalFilter                     build/stm32f3xx_hal_i2c_ex.o
HAL_I2CEx_DisableFastModePlus                     build/stm32f3xx_hal_i2c_ex.o
HAL_I2CEx_DisableWakeUp                           build/stm32f3xx_hal_i2c_ex.o
HAL_I2CEx_EnableFastModePlus                      build/stm32f3xx_hal_i2c_ex.o
                                                  build/stm32f3xx_hal_msp.o